
Discarded input sections

 .group         0x0000000000000000        0x8 build/main.o
 .note.GNU-stack
                0x0000000000000000        0x0 build/main.o
 .group         0x0000000000000000        0x8 build/init.o
 .text.__x86.get_pc_thunk.bx
                0x0000000000000000        0x4 build/init.o
 .note.GNU-stack
                0x0000000000000000        0x0 build/init.o
 .group         0x0000000000000000        0x8 build/interrupt.o
 .group         0x0000000000000000        0x8 build/interrupt.o
 .text.__x86.get_pc_thunk.bx
                0x0000000000000000        0x4 build/interrupt.o
 .note.GNU-stack
                0x0000000000000000        0x0 build/interrupt.o
 .group         0x0000000000000000        0x8 build/timer.o
 .group         0x0000000000000000        0x8 build/timer.o
 .text.__x86.get_pc_thunk.ax
                0x0000000000000000        0x4 build/timer.o
 .text.__x86.get_pc_thunk.bx
                0x0000000000000000        0x4 build/timer.o
 .note.GNU-stack
                0x0000000000000000        0x0 build/timer.o
 .group         0x0000000000000000        0x8 build/debug.o
 .text.__x86.get_pc_thunk.bx
                0x0000000000000000        0x4 build/debug.o
 .note.GNU-stack
                0x0000000000000000        0x0 build/debug.o
 .group         0x0000000000000000        0x8 build/memory.o
 .group         0x0000000000000000        0x8 build/memory.o
 .text.__x86.get_pc_thunk.ax
                0x0000000000000000        0x4 build/memory.o
 .text.__x86.get_pc_thunk.bx
                0x0000000000000000        0x4 build/memory.o
 .note.GNU-stack
                0x0000000000000000        0x0 build/memory.o
 .group         0x0000000000000000        0x8 build/bitmap.o
 .text.__x86.get_pc_thunk.ax
                0x0000000000000000        0x4 build/bitmap.o
 .note.GNU-stack
                0x0000000000000000        0x0 build/bitmap.o
 .group         0x0000000000000000        0x8 build/string.o
 .text.__x86.get_pc_thunk.ax
                0x0000000000000000        0x4 build/string.o
 .note.GNU-stack
                0x0000000000000000        0x0 build/string.o
 .group         0x0000000000000000        0x8 build/thread.o
 .group         0x0000000000000000        0x8 build/thread.o
 .group         0x0000000000000000        0x8 build/thread.o
 .text.__x86.get_pc_thunk.ax
                0x0000000000000000        0x4 build/thread.o
 .text.__x86.get_pc_thunk.bx
                0x0000000000000000        0x4 build/thread.o
 .note.GNU-stack
                0x0000000000000000        0x0 build/thread.o
 .group         0x0000000000000000        0x8 build/list.o
 .group         0x0000000000000000        0x8 build/list.o
 .text.__x86.get_pc_thunk.ax
                0x0000000000000000        0x4 build/list.o
 .text.__x86.get_pc_thunk.bx
                0x0000000000000000        0x4 build/list.o
 .note.GNU-stack
                0x0000000000000000        0x0 build/list.o
 .group         0x0000000000000000        0x8 build/sync.o
 .group         0x0000000000000000        0x8 build/sync.o
 .text.__x86.get_pc_thunk.ax
                0x0000000000000000        0x4 build/sync.o
 .text.__x86.get_pc_thunk.bx
                0x0000000000000000        0x4 build/sync.o
 .note.GNU-stack
                0x0000000000000000        0x0 build/sync.o
 .group         0x0000000000000000        0x8 build/console.o
 .group         0x0000000000000000        0x8 build/console.o
 .text.__x86.get_pc_thunk.ax
                0x0000000000000000        0x4 build/console.o
 .text.__x86.get_pc_thunk.bx
                0x0000000000000000        0x4 build/console.o
 .note.GNU-stack
                0x0000000000000000        0x0 build/console.o
 .group         0x0000000000000000        0x8 build/keyboard.o
 .group         0x0000000000000000        0x8 build/keyboard.o
 .text.__x86.get_pc_thunk.ax
                0x0000000000000000        0x4 build/keyboard.o
 .text.__x86.get_pc_thunk.bx
                0x0000000000000000        0x4 build/keyboard.o
 .note.GNU-stack
                0x0000000000000000        0x0 build/keyboard.o
 .group         0x0000000000000000        0x8 build/ioqueue.o
 .group         0x0000000000000000        0x8 build/ioqueue.o
 .text.__x86.get_pc_thunk.ax
                0x0000000000000000        0x4 build/ioqueue.o
 .text.__x86.get_pc_thunk.bx
                0x0000000000000000        0x4 build/ioqueue.o
 .note.GNU-stack
                0x0000000000000000        0x0 build/ioqueue.o
 .group         0x0000000000000000        0x8 build/tss.o
 .group         0x0000000000000000        0x8 build/tss.o
 .text.__x86.get_pc_thunk.ax
                0x0000000000000000        0x4 build/tss.o
 .text.__x86.get_pc_thunk.bx
                0x0000000000000000        0x4 build/tss.o
 .note.GNU-stack
                0x0000000000000000        0x0 build/tss.o
 .group         0x0000000000000000        0x8 build/process.o
 .group         0x0000000000000000        0x8 build/process.o
 .text.__x86.get_pc_thunk.ax
                0x0000000000000000        0x4 build/process.o
 .text.__x86.get_pc_thunk.bx
                0x0000000000000000        0x4 build/process.o
 .note.GNU-stack
                0x0000000000000000        0x0 build/process.o
 .group         0x0000000000000000        0x8 build/syscall.o
 .text.__x86.get_pc_thunk.ax
                0x0000000000000000        0x4 build/syscall.o
 .note.GNU-stack
                0x0000000000000000        0x0 build/syscall.o
 .group         0x0000000000000000        0x8 build/syscall-init.o
 .group         0x0000000000000000        0x8 build/syscall-init.o
 .text.__x86.get_pc_thunk.ax
                0x0000000000000000        0x4 build/syscall-init.o
 .text.__x86.get_pc_thunk.bx
                0x0000000000000000        0x4 build/syscall-init.o
 .note.GNU-stack
                0x0000000000000000        0x0 build/syscall-init.o
 .group         0x0000000000000000        0x8 build/stdio.o
 .group         0x0000000000000000        0x8 build/stdio.o
 .text.__x86.get_pc_thunk.ax
                0x0000000000000000        0x4 build/stdio.o
 .text.__x86.get_pc_thunk.bx
                0x0000000000000000        0x4 build/stdio.o
 .note.GNU-stack
                0x0000000000000000        0x0 build/stdio.o

Memory Configuration

Name             Origin             Length             Attributes
*default*        0x0000000000000000 0xffffffffffffffff

Linker script and memory map

Address of section .text set to 0xc0001500
LOAD build/main.o
LOAD build/init.o
LOAD build/interrupt.o
LOAD build/timer.o
LOAD build/kernel.o
LOAD build/print.o
LOAD build/debug.o
LOAD build/memory.o
LOAD build/bitmap.o
LOAD build/string.o
LOAD build/thread.o
LOAD build/list.o
LOAD build/switch.o
LOAD build/sync.o
LOAD build/console.o
LOAD build/keyboard.o
LOAD build/ioqueue.o
LOAD build/tss.o
LOAD build/process.o
LOAD build/syscall.o
LOAD build/syscall-init.o
LOAD build/stdio.o
                [!provide]                        PROVIDE (__executable_start = SEGMENT_START ("text-segment", 0x8048000))
                0x00000000080480d4                . = (SEGMENT_START ("text-segment", 0x8048000) + SIZEOF_HEADERS)

.interp
 *(.interp)

.note.gnu.build-id
 *(.note.gnu.build-id)

.hash
 *(.hash)

.gnu.hash
 *(.gnu.hash)

.dynsym
 *(.dynsym)

.dynstr
 *(.dynstr)

.gnu.version
 *(.gnu.version)

.gnu.version_d
 *(.gnu.version_d)

.gnu.version_r
 *(.gnu.version_r)

.rel.dyn        0x00000000080480d4        0x0
 *(.rel.init)
 *(.rel.text .rel.text.* .rel.gnu.linkonce.t.*)
 *(.rel.fini)
 *(.rel.rodata .rel.rodata.* .rel.gnu.linkonce.r.*)
 *(.rel.data.rel.ro .rel.data.rel.ro.* .rel.gnu.linkonce.d.rel.ro.*)
 *(.rel.data .rel.data.* .rel.gnu.linkonce.d.*)
 *(.rel.tdata .rel.tdata.* .rel.gnu.linkonce.td.*)
 *(.rel.tbss .rel.tbss.* .rel.gnu.linkonce.tb.*)
 *(.rel.ctors)
 *(.rel.dtors)
 *(.rel.got)
 .rel.got       0x00000000080480d4        0x0 build/main.o
 *(.rel.bss .rel.bss.* .rel.gnu.linkonce.b.*)
 *(.rel.ifunc)

.rel.plt        0x00000000080480d4        0x0
 *(.rel.plt)
                [!provide]                        PROVIDE (__rel_iplt_start = .)
 *(.rel.iplt)
 .rel.iplt      0x00000000080480d4        0x0 build/main.o
                [!provide]                        PROVIDE (__rel_iplt_end = .)

.relr.dyn
 *(.relr.dyn)
                0x0000000008049000                . = ALIGN (CONSTANT (MAXPAGESIZE))

.init
 *(SORT_NONE(.init))

.plt            0x0000000008049000        0x0
 *(.plt)
 *(.iplt)
 .iplt          0x0000000008049000        0x0 build/main.o

.plt.got
 *(.plt.got)

.plt.sec
 *(.plt.sec)

.text           0x00000000c0001500     0x3d99
 *(.text.unlikely .text.*_unlikely .text.unlikely.*)
 *(.text.exit .text.exit.*)
 *(.text.startup .text.startup.*)
 *(.text.hot .text.hot.*)
 *(SORT_BY_NAME(.text.sorted.*))
 *(.text .stub .text.* .gnu.linkonce.t.*)
 .text          0x00000000c0001500      0x1ce build/main.o
                0x00000000c0001500                main
                0x00000000c00015d8                k_thread_a
                0x00000000c0001622                k_thread_b
                0x00000000c000166c                u_prog_a
                0x00000000c000169d                u_prog_b
 .text.__x86.get_pc_thunk.bx
                0x00000000c00016ce        0x4 build/main.o
                0x00000000c00016ce                __x86.get_pc_thunk.bx
 .text          0x00000000c00016d2       0x52 build/init.o
                0x00000000c00016d2                init_all
 .text          0x00000000c0001724      0x53d build/interrupt.o
                0x00000000c0001b08                intr_enable
                0x00000000c0001b3b                intr_disable
                0x00000000c0001b6e                intr_set_status
                0x00000000c0001b96                intr_get_status
                0x00000000c0001bbd                register_handler
                0x00000000c0001be4                idt_init
 .text.__x86.get_pc_thunk.ax
                0x00000000c0001c61        0x4 build/interrupt.o
                0x00000000c0001c61                __x86.get_pc_thunk.ax
 .text          0x00000000c0001c65      0x1b6 build/timer.o
                0x00000000c0001db3                timer_init
 *fill*         0x00000000c0001e1b        0x5 
 .text          0x00000000c0001e20      0x55b build/kernel.o
                0x00000000c0001e20                intr_exit
                0x00000000c0002357                syscall_handler
 *fill*         0x00000000c000237b        0x5 
 .text          0x00000000c0002380      0x172 build/print.o
                0x00000000c0002380                put_str
                0x00000000c000239e                put_char
                0x00000000c000246b                put_int
                0x00000000c00024ce                set_cursor
 .text          0x00000000c00024f2       0xf4 build/debug.o
                0x00000000c00024f2                panic_spin
 .text          0x00000000c00025e6      0x8f5 build/memory.o
                0x00000000c0002716                pte_ptr
                0x00000000c0002750                pde_ptr
                0x00000000c0002911                malloc_page
                0x00000000c00029e7                get_kernel_pages
                0x00000000c0002a31                get_user_pages
                0x00000000c0002a99                get_a_page
                0x00000000c0002c1c                addr_v2p
                0x00000000c0002e87                mem_init
 .text          0x00000000c0002edb      0x286 build/bitmap.o
                0x00000000c0002edb                bitmap_init
                0x00000000c0002f0e                bitmap_scan_test
                0x00000000c0002f57                bitmap_scan
                0x00000000c0003099                bitmap_set
 .text          0x00000000c0003161      0x4a4 build/string.o
                0x00000000c0003161                memset
                0x00000000c00031c8                memcpy
                0x00000000c000323b                memcmp
                0x00000000c00032d4                strcpy
                0x00000000c000333f                strlen
                0x00000000c000339c                strcmp
                0x00000000c000342b                strchr
                0x00000000c0003499                strrchr
                0x00000000c000350d                strcat
                0x00000000c000358d                strchrs
 .text          0x00000000c0003605      0x6bd build/thread.o
                0x00000000c0003605                running_thread
                0x00000000c00036a3                thread_create
                0x00000000c0003727                init_thread
                0x00000000c00037d6                thread_start
                0x00000000c000396b                schedule
                0x00000000c0003ab5                thread_block
                0x00000000c0003b2a                thread_unblock
                0x00000000c0003c4b                thread_init
 .text.__x86.get_pc_thunk.dx
                0x00000000c0003cc2        0x4 build/thread.o
                0x00000000c0003cc2                __x86.get_pc_thunk.dx
 .text          0x00000000c0003cc6      0x25c build/list.o
                0x00000000c0003cc6                list_init
                0x00000000c0003cfe                list_insert_before
                0x00000000c0003d52                list_push
                0x00000000c0003d7a                list_append
                0x00000000c0003da2                list_remove
                0x00000000c0003deb                list_pop
                0x00000000c0003e17                list_empty
                0x00000000c0003e3a                list_len
                0x00000000c0003e79                elem_find
                0x00000000c0003ebe                list_traversal
 *fill*         0x00000000c0003f22        0xe 
 .text          0x00000000c0003f30       0x15 build/switch.o
                0x00000000c0003f30                switch_to
 .text          0x00000000c0003f45      0x38f build/sync.o
                0x00000000c0003f45                sema_init
                0x00000000c0003f7f                lock_init
                0x00000000c0003fb9                sema_down
                0x00000000c00040d5                sema_up
                0x00000000c000419f                lock_acquire
                0x00000000c0004225                lock_release
 .text          0x00000000c00042d4      0x119 build/console.o
                0x00000000c00042d4                console_init
                0x00000000c00042ff                console_acquire
                0x00000000c000432a                console_release
                0x00000000c0004355                console_put_str
                0x00000000c0004385                console_put_char
                0x00000000c00043bd                console_put_int
 .text          0x00000000c00043ed      0x316 build/keyboard.o
                0x00000000c00046a1                keyboard_init
 .text          0x00000000c0004703      0x378 build/ioqueue.o
                0x00000000c0004703                ioqueue_init
                0x00000000c0004777                ioq_full
                0x00000000c00047d6                ioq_empty
                0x00000000c00048e0                ioq_getchar
                0x00000000c00049ac                ioq_putchar
 .text          0x00000000c0004a7b      0x1b2 build/tss.o
                0x00000000c0004a7b                update_tss_esp
                0x00000000c0004b0c                tss_init
 .text          0x00000000c0004c2d      0x3cd build/process.o
                0x00000000c0004c2d                start_process
                0x00000000c0004d41                page_dir_activate
                0x00000000c0004d86                process_activate
                0x00000000c0004de9                create_page_dir
                0x00000000c0004e75                create_user_vaddr_bitmap
                0x00000000c0004ece                process_execute
 .text          0x00000000c0004ffa       0x47 build/syscall.o
                0x00000000c0004ffa                getpid
                0x00000000c0005019                write
 .text          0x00000000c0005041       0xa9 build/syscall-init.o
                0x00000000c0005041                sys_getpid
                0x00000000c0005063                sys_write
                0x00000000c0005096                syscall_init
 .text          0x00000000c00050ea      0x1af build/stdio.o
                0x00000000c000517b                vsprintf
                0x00000000c0005226                printf
 *(.gnu.warning)

.fini
 *(SORT_NONE(.fini))
                [!provide]                        PROVIDE (__etext = .)
                [!provide]                        PROVIDE (_etext = .)
                [!provide]                        PROVIDE (etext = .)
                0x00000000c0006000                . = ALIGN (CONSTANT (MAXPAGESIZE))
                0x00000000c0006000                . = SEGMENT_START ("rodata-segment", (ALIGN (CONSTANT (MAXPAGESIZE)) + (. & (CONSTANT (MAXPAGESIZE) - 0x1))))

.rodata         0x00000000c0006000      0xd33
 *(.rodata .rodata.* .gnu.linkonce.r.*)
 .rodata        0x00000000c0006000       0x9a build/main.o
 .rodata        0x00000000c000609a        0xa build/init.o
 .rodata        0x00000000c00060a4      0x2cd build/interrupt.o
 *fill*         0x00000000c0006371        0x3 
 .rodata        0x00000000c0006374       0x6b build/timer.o
 .rodata        0x00000000c00063df       0x3b build/debug.o
 *fill*         0x00000000c000641a        0x2 
 .rodata        0x00000000c000641c      0x1d7 build/memory.o
 *fill*         0x00000000c00065f3        0x1 
 .rodata        0x00000000c00065f4       0x6b build/bitmap.o
 *fill*         0x00000000c000665f        0x1 
 .rodata        0x00000000c0006660       0xc4 build/string.o
 .rodata        0x00000000c0006724      0x2cb build/thread.o
 *fill*         0x00000000c00069ef        0x1 
 .rodata        0x00000000c00069f0      0x135 build/sync.o
 .rodata        0x00000000c0006b25       0x36 build/keyboard.o
 *fill*         0x00000000c0006b5b        0x1 
 .rodata        0x00000000c0006b5c       0xa8 build/ioqueue.o
 .rodata        0x00000000c0006c04       0x27 build/tss.o
 *fill*         0x00000000c0006c2b        0x1 
 .rodata        0x00000000c0006c2c       0xe0 build/process.o
 .rodata        0x00000000c0006d0c       0x27 build/syscall-init.o

.rodata1
 *(.rodata1)

.eh_frame_hdr
 *(.eh_frame_hdr)
 *(.eh_frame_entry .eh_frame_entry.*)

.eh_frame       0x00000000c0006d34      0xf5c
 *(.eh_frame)
 .eh_frame      0x00000000c0006d34       0xc4 build/main.o
 .eh_frame      0x00000000c0006df8       0x24 build/init.o
                                         0x50 (size before relaxing)
 .eh_frame      0x00000000c0006e1c      0x1ac build/interrupt.o
                                        0x1d8 (size before relaxing)
 .eh_frame      0x00000000c0006fc8       0x94 build/timer.o
                                         0xd4 (size before relaxing)
 .eh_frame      0x00000000c000705c       0x1c build/debug.o
                                         0x48 (size before relaxing)
 .eh_frame      0x00000000c0007078      0x1a4 build/memory.o
                                        0x1e4 (size before relaxing)
 .eh_frame      0x00000000c000721c       0x90 build/bitmap.o
                                         0xbc (size before relaxing)
 .eh_frame      0x00000000c00072ac      0x168 build/string.o
                                        0x194 (size before relaxing)
 .eh_frame      0x00000000c0007414      0x198 build/thread.o
                                        0x1d8 (size before relaxing)
 .eh_frame      0x00000000c00075ac      0x148 build/list.o
                                        0x188 (size before relaxing)
 .eh_frame      0x00000000c00076f4       0xdc build/sync.o
                                        0x11c (size before relaxing)
 .eh_frame      0x00000000c00077d0       0xd8 build/console.o
                                        0x118 (size before relaxing)
 .eh_frame      0x00000000c00078a8       0x68 build/keyboard.o
                                         0xa8 (size before relaxing)
 .eh_frame      0x00000000c0007910      0x11c build/ioqueue.o
                                        0x15c (size before relaxing)
 .eh_frame      0x00000000c0007a2c       0x6c build/tss.o
                                         0xac (size before relaxing)
 .eh_frame      0x00000000c0007a98       0xd8 build/process.o
                                        0x118 (size before relaxing)
 .eh_frame      0x00000000c0007b70       0x44 build/syscall.o
                                         0x70 (size before relaxing)
 .eh_frame      0x00000000c0007bb4       0x6c build/syscall-init.o
                                         0xac (size before relaxing)
 .eh_frame      0x00000000c0007c20       0x70 build/stdio.o
                                         0xb0 (size before relaxing)
 *(.eh_frame.*)

.gcc_except_table
 *(.gcc_except_table .gcc_except_table.*)

.gnu_extab
 *(.gnu_extab*)

.exception_ranges
 *(.exception_ranges*)
                0x00000000c0009000                . = DATA_SEGMENT_ALIGN (CONSTANT (MAXPAGESIZE), CONSTANT (COMMONPAGESIZE))

.eh_frame
 *(.eh_frame)
 *(.eh_frame.*)

.gnu_extab
 *(.gnu_extab)

.gcc_except_table
 *(.gcc_except_table .gcc_except_table.*)

.exception_ranges
 *(.exception_ranges*)

.tdata          0x00000000c0009000        0x0
                [!provide]                        PROVIDE (__tdata_start = .)
 *(.tdata .tdata.* .gnu.linkonce.td.*)

.tbss
 *(.tbss .tbss.* .gnu.linkonce.tb.*)
 *(.tcommon)

.preinit_array  0x00000000c0009000        0x0
                [!provide]                        PROVIDE (__preinit_array_start = .)
 *(.preinit_array)
                [!provide]                        PROVIDE (__preinit_array_end = .)

.init_array     0x00000000c0009000        0x0
                [!provide]                        PROVIDE (__init_array_start = .)
 *(SORT_BY_INIT_PRIORITY(.init_array.*) SORT_BY_INIT_PRIORITY(.ctors.*))
 *(.init_array EXCLUDE_FILE(*crtend?.o *crtend.o *crtbegin?.o *crtbegin.o) .ctors)
                [!provide]                        PROVIDE (__init_array_end = .)

.fini_array     0x00000000c0009000        0x0
                [!provide]                        PROVIDE (__fini_array_start = .)
 *(SORT_BY_INIT_PRIORITY(.fini_array.*) SORT_BY_INIT_PRIORITY(.dtors.*))
 *(.fini_array EXCLUDE_FILE(*crtend?.o *crtend.o *crtbegin?.o *crtbegin.o) .dtors)
                [!provide]                        PROVIDE (__fini_array_end = .)

.ctors
 *crtbegin.o(.ctors)
 *crtbegin?.o(.ctors)
 *(EXCLUDE_FILE(*crtend?.o *crtend.o) .ctors)
 *(SORT_BY_NAME(.ctors.*))
 *(.ctors)

.dtors
 *crtbegin.o(.dtors)
 *crtbegin?.o(.dtors)
 *(EXCLUDE_FILE(*crtend?.o *crtend.o) .dtors)
 *(SORT_BY_NAME(.dtors.*))
 *(.dtors)

.jcr
 *(.jcr)

.data.rel.ro
 *(.data.rel.ro.local* .gnu.linkonce.d.rel.ro.local.*)
 *(.data.rel.ro .data.rel.ro.* .gnu.linkonce.d.rel.ro.*)

.dynamic
 *(.dynamic)

.got            0x00000000c0009000        0x0
 *(.got)
 .got           0x00000000c0009000        0x0 build/main.o
 *(.igot)
                0x00000000c0009ff4                . = DATA_SEGMENT_RELRO_END (., (SIZEOF (.got.plt) >= 0xc)?0xc:0x0)

.got.plt        0x00000000c0009000        0xc
 *(.got.plt)
 .got.plt       0x00000000c0009000        0xc build/main.o
                0x00000000c0009000                _GLOBAL_OFFSET_TABLE_
 *(.igot.plt)
 .igot.plt      0x00000000c000900c        0x0 build/main.o

.data           0x00000000c0009020      0x156
 *(.data .data.* .gnu.linkonce.d.*)
 .data          0x00000000c0009020        0x0 build/main.o
 .data          0x00000000c0009020        0x0 build/init.o
 .data          0x00000000c0009020        0x0 build/interrupt.o
 .data          0x00000000c0009020        0x0 build/timer.o
 .data          0x00000000c0009020       0xc0 build/kernel.o
                0x00000000c0009020                intr_entry_table
 .data          0x00000000c00090e0        0x8 build/print.o
 .data          0x00000000c00090e8        0x0 build/debug.o
 .data          0x00000000c00090e8        0x0 build/memory.o
 .data          0x00000000c00090e8        0x0 build/bitmap.o
 .data          0x00000000c00090e8        0x0 build/string.o
 .data          0x00000000c00090e8        0x0 build/thread.o
 .data          0x00000000c00090e8        0x0 build/list.o
 .data          0x00000000c00090e8        0x0 build/sync.o
 .data          0x00000000c00090e8        0x0 build/console.o
 *fill*         0x00000000c00090e8       0x18 
 .data          0x00000000c0009100       0x76 build/keyboard.o
 .data          0x00000000c0009176        0x0 build/ioqueue.o
 .data          0x00000000c0009176        0x0 build/tss.o
 .data          0x00000000c0009176        0x0 build/process.o
 .data          0x00000000c0009176        0x0 build/syscall.o
 .data          0x00000000c0009176        0x0 build/syscall-init.o
 .data          0x00000000c0009176        0x0 build/stdio.o

.data1
 *(.data1)
                0x00000000c0009176                _edata = .
                [!provide]                        PROVIDE (edata = .)
                0x00000000c0009176                . = .
                0x00000000c0009176                __bss_start = .

.bss            0x00000000c0009180      0xae0
 *(.dynbss)
 *(.bss .bss.* .gnu.linkonce.b.*)
 .bss           0x00000000c0009180        0x8 build/main.o
                0x00000000c0009180                prog_a_pid
                0x00000000c0009184                prog_b_pid
 .bss           0x00000000c0009188        0x0 build/init.o
 *fill*         0x00000000c0009188       0x18 
 .bss           0x00000000c00091a0      0x848 build/interrupt.o
                0x00000000c00091a0                intr_name
                0x00000000c00093c0                idt_table
 .bss           0x00000000c00099e8        0x4 build/timer.o
                0x00000000c00099e8                ticks
 .bss           0x00000000c00099ec        0x0 build/debug.o
 *fill*         0x00000000c00099ec       0x14 
 .bss           0x00000000c0009a00       0x78 build/memory.o
                0x00000000c0009a00                kernel_pool
                0x00000000c0009a40                user_pool
                0x00000000c0009a6c                kernel_vaddr
 .bss           0x00000000c0009a78        0x0 build/bitmap.o
 .bss           0x00000000c0009a78        0x0 build/string.o
 .bss           0x00000000c0009a78       0x46 build/thread.o
                0x00000000c0009a78                main_thread
                0x00000000c0009a7c                pid_lock
                0x00000000c0009a98                thread_ready_list
                0x00000000c0009aa8                thread_all_list
 .bss           0x00000000c0009abe        0x0 build/list.o
 .bss           0x00000000c0009abe        0x0 build/sync.o
 *fill*         0x00000000c0009abe        0x2 
 .bss           0x00000000c0009ac0       0x1c build/console.o
 *fill*         0x00000000c0009adc        0x4 
 .bss           0x00000000c0009ae0       0x80 build/keyboard.o
                0x00000000c0009ae0                kbd_buf
 .bss           0x00000000c0009b60        0x0 build/ioqueue.o
 .bss           0x00000000c0009b60       0x6c build/tss.o
 .bss           0x00000000c0009bcc        0x0 build/process.o
 .bss           0x00000000c0009bcc        0x0 build/syscall.o
 *fill*         0x00000000c0009bcc       0x14 
 .bss           0x00000000c0009be0       0x80 build/syscall-init.o
                0x00000000c0009be0                syscall_table
 .bss           0x00000000c0009c60        0x0 build/stdio.o
 *(COMMON)
                0x00000000c0009c60                . = ALIGN ((. != 0x0)?0x4:0x1)
                0x00000000c0009c60                . = ALIGN (0x4)
                0x00000000c0009c60                . = SEGMENT_START ("ldata-segment", .)
                0x00000000c0009c60                . = ALIGN (0x4)
                0x00000000c0009c60                _end = .
                [!provide]                        PROVIDE (end = .)
                0x00000000c0009c60                . = DATA_SEGMENT_END (.)

.stab
 *(.stab)

.stabstr
 *(.stabstr)

.stab.excl
 *(.stab.excl)

.stab.exclstr
 *(.stab.exclstr)

.stab.index
 *(.stab.index)

.stab.indexstr
 *(.stab.indexstr)

.comment        0x0000000000000000       0x2b
 *(.comment)
 .comment       0x0000000000000000       0x2b build/main.o
                                         0x2c (size before relaxing)
 .comment       0x000000000000002b       0x2c build/init.o
 .comment       0x000000000000002b       0x2c build/interrupt.o
 .comment       0x000000000000002b       0x2c build/timer.o
 .comment       0x000000000000002b       0x2c build/debug.o
 .comment       0x000000000000002b       0x2c build/memory.o
 .comment       0x000000000000002b       0x2c build/bitmap.o
 .comment       0x000000000000002b       0x2c build/string.o
 .comment       0x000000000000002b       0x2c build/thread.o
 .comment       0x000000000000002b       0x2c build/list.o
 .comment       0x000000000000002b       0x2c build/sync.o
 .comment       0x000000000000002b       0x2c build/console.o
 .comment       0x000000000000002b       0x2c build/keyboard.o
 .comment       0x000000000000002b       0x2c build/ioqueue.o
 .comment       0x000000000000002b       0x2c build/tss.o
 .comment       0x000000000000002b       0x2c build/process.o
 .comment       0x000000000000002b       0x2c build/syscall.o
 .comment       0x000000000000002b       0x2c build/syscall-init.o
 .comment       0x000000000000002b       0x2c build/stdio.o

.gnu.build.attributes
 *(.gnu.build.attributes .gnu.build.attributes.*)

.debug
 *(.debug)

.line
 *(.line)

.debug_srcinfo
 *(.debug_srcinfo)

.debug_sfnames
 *(.debug_sfnames)

.debug_aranges
 *(.debug_aranges)

.debug_pubnames
 *(.debug_pubnames)

.debug_info
 *(.debug_info .gnu.linkonce.wi.*)

.debug_abbrev
 *(.debug_abbrev)

.debug_line
 *(.debug_line .debug_line.* .debug_line_end)

.debug_frame
 *(.debug_frame)

.debug_str
 *(.debug_str)

.debug_loc
 *(.debug_loc)

.debug_macinfo
 *(.debug_macinfo)

.debug_weaknames
 *(.debug_weaknames)

.debug_funcnames
 *(.debug_funcnames)

.debug_typenames
 *(.debug_typenames)

.debug_varnames
 *(.debug_varnames)

.debug_pubtypes
 *(.debug_pubtypes)

.debug_ranges
 *(.debug_ranges)

.debug_addr
 *(.debug_addr)

.debug_line_str
 *(.debug_line_str)

.debug_loclists
 *(.debug_loclists)

.debug_macro
 *(.debug_macro)

.debug_names
 *(.debug_names)

.debug_rnglists
 *(.debug_rnglists)

.debug_str_offsets
 *(.debug_str_offsets)

.debug_sup
 *(.debug_sup)

.gnu.attributes
 *(.gnu.attributes)

/DISCARD/
 *(.note.GNU-stack)
 *(.gnu_debuglink)
 *(.gnu.lto_*)
OUTPUT(build/kernel.bin elf32-i386)
