
Discarded input sections

 .group         0x0000000000000000        0x8 build/main.o
 .group         0x0000000000000000        0x8 build/main.o
 .note.GNU-stack
                0x0000000000000000        0x0 build/main.o
 .group         0x0000000000000000        0x8 build/init.o
 .text.__x86.get_pc_thunk.bx
                0x0000000000000000        0x4 build/init.o
 .note.GNU-stack
                0x0000000000000000        0x0 build/init.o
 .group         0x0000000000000000        0x8 build/interrupt.o
 .group         0x0000000000000000        0x8 build/interrupt.o
 .text.__x86.get_pc_thunk.ax
                0x0000000000000000        0x4 build/interrupt.o
 .text.__x86.get_pc_thunk.bx
                0x0000000000000000        0x4 build/interrupt.o
 .note.GNU-stack
                0x0000000000000000        0x0 build/interrupt.o
 .group         0x0000000000000000        0x8 build/timer.o
 .group         0x0000000000000000        0x8 build/timer.o
 .text.__x86.get_pc_thunk.ax
                0x0000000000000000        0x4 build/timer.o
 .text.__x86.get_pc_thunk.bx
                0x0000000000000000        0x4 build/timer.o
 .note.GNU-stack
                0x0000000000000000        0x0 build/timer.o
 .group         0x0000000000000000        0x8 build/debug.o
 .text.__x86.get_pc_thunk.bx
                0x0000000000000000        0x4 build/debug.o
 .note.GNU-stack
                0x0000000000000000        0x0 build/debug.o
 .group         0x0000000000000000        0x8 build/memory.o
 .group         0x0000000000000000        0x8 build/memory.o
 .text.__x86.get_pc_thunk.ax
                0x0000000000000000        0x4 build/memory.o
 .text.__x86.get_pc_thunk.bx
                0x0000000000000000        0x4 build/memory.o
 .note.GNU-stack
                0x0000000000000000        0x0 build/memory.o
 .group         0x0000000000000000        0x8 build/bitmap.o
 .text.__x86.get_pc_thunk.ax
                0x0000000000000000        0x4 build/bitmap.o
 .note.GNU-stack
                0x0000000000000000        0x0 build/bitmap.o
 .group         0x0000000000000000        0x8 build/string.o
 .text.__x86.get_pc_thunk.ax
                0x0000000000000000        0x4 build/string.o
 .note.GNU-stack
                0x0000000000000000        0x0 build/string.o
 .group         0x0000000000000000        0x8 build/thread.o
 .group         0x0000000000000000        0x8 build/thread.o
 .group         0x0000000000000000        0x8 build/thread.o
 .text.__x86.get_pc_thunk.ax
                0x0000000000000000        0x4 build/thread.o
 .text.__x86.get_pc_thunk.bx
                0x0000000000000000        0x4 build/thread.o
 .note.GNU-stack
                0x0000000000000000        0x0 build/thread.o
 .group         0x0000000000000000        0x8 build/list.o
 .group         0x0000000000000000        0x8 build/list.o
 .text.__x86.get_pc_thunk.ax
                0x0000000000000000        0x4 build/list.o
 .text.__x86.get_pc_thunk.bx
                0x0000000000000000        0x4 build/list.o
 .note.GNU-stack
                0x0000000000000000        0x0 build/list.o
 .group         0x0000000000000000        0x8 build/sync.o
 .group         0x0000000000000000        0x8 build/sync.o
 .text.__x86.get_pc_thunk.ax
                0x0000000000000000        0x4 build/sync.o
 .text.__x86.get_pc_thunk.bx
                0x0000000000000000        0x4 build/sync.o
 .note.GNU-stack
                0x0000000000000000        0x0 build/sync.o
 .group         0x0000000000000000        0x8 build/console.o
 .group         0x0000000000000000        0x8 build/console.o
 .text.__x86.get_pc_thunk.ax
                0x0000000000000000        0x4 build/console.o
 .text.__x86.get_pc_thunk.bx
                0x0000000000000000        0x4 build/console.o
 .note.GNU-stack
                0x0000000000000000        0x0 build/console.o
 .group         0x0000000000000000        0x8 build/keyboard.o
 .group         0x0000000000000000        0x8 build/keyboard.o
 .text.__x86.get_pc_thunk.ax
                0x0000000000000000        0x4 build/keyboard.o
 .text.__x86.get_pc_thunk.bx
                0x0000000000000000        0x4 build/keyboard.o
 .note.GNU-stack
                0x0000000000000000        0x0 build/keyboard.o
 .group         0x0000000000000000        0x8 build/ioqueue.o
 .group         0x0000000000000000        0x8 build/ioqueue.o
 .text.__x86.get_pc_thunk.ax
                0x0000000000000000        0x4 build/ioqueue.o
 .text.__x86.get_pc_thunk.bx
                0x0000000000000000        0x4 build/ioqueue.o
 .note.GNU-stack
                0x0000000000000000        0x0 build/ioqueue.o
 .group         0x0000000000000000        0x8 build/tss.o
 .group         0x0000000000000000        0x8 build/tss.o
 .text.__x86.get_pc_thunk.ax
                0x0000000000000000        0x4 build/tss.o
 .text.__x86.get_pc_thunk.bx
                0x0000000000000000        0x4 build/tss.o
 .note.GNU-stack
                0x0000000000000000        0x0 build/tss.o
 .group         0x0000000000000000        0x8 build/process.o
 .group         0x0000000000000000        0x8 build/process.o
 .text.__x86.get_pc_thunk.ax
                0x0000000000000000        0x4 build/process.o
 .text.__x86.get_pc_thunk.bx
                0x0000000000000000        0x4 build/process.o
 .note.GNU-stack
                0x0000000000000000        0x0 build/process.o

Memory Configuration

Name             Origin             Length             Attributes
*default*        0x0000000000000000 0xffffffffffffffff

Linker script and memory map

Address of section .text set to 0xc0001500
LOAD build/main.o
LOAD build/init.o
LOAD build/interrupt.o
LOAD build/timer.o
LOAD build/kernel.o
LOAD build/print.o
LOAD build/debug.o
LOAD build/memory.o
LOAD build/bitmap.o
LOAD build/string.o
LOAD build/thread.o
LOAD build/list.o
LOAD build/switch.o
LOAD build/sync.o
LOAD build/console.o
LOAD build/keyboard.o
LOAD build/ioqueue.o
LOAD build/tss.o
LOAD build/process.o
                [!provide]                        PROVIDE (__executable_start = SEGMENT_START ("text-segment", 0x8048000))
                0x00000000080480d4                . = (SEGMENT_START ("text-segment", 0x8048000) + SIZEOF_HEADERS)

.interp
 *(.interp)

.note.gnu.build-id
 *(.note.gnu.build-id)

.hash
 *(.hash)

.gnu.hash
 *(.gnu.hash)

.dynsym
 *(.dynsym)

.dynstr
 *(.dynstr)

.gnu.version
 *(.gnu.version)

.gnu.version_d
 *(.gnu.version_d)

.gnu.version_r
 *(.gnu.version_r)

.rel.dyn        0x00000000080480d4        0x0
 *(.rel.init)
 *(.rel.text .rel.text.* .rel.gnu.linkonce.t.*)
 *(.rel.fini)
 *(.rel.rodata .rel.rodata.* .rel.gnu.linkonce.r.*)
 *(.rel.data.rel.ro .rel.data.rel.ro.* .rel.gnu.linkonce.d.rel.ro.*)
 *(.rel.data .rel.data.* .rel.gnu.linkonce.d.*)
 *(.rel.tdata .rel.tdata.* .rel.gnu.linkonce.td.*)
 *(.rel.tbss .rel.tbss.* .rel.gnu.linkonce.tb.*)
 *(.rel.ctors)
 *(.rel.dtors)
 *(.rel.got)
 .rel.got       0x00000000080480d4        0x0 build/main.o
 *(.rel.bss .rel.bss.* .rel.gnu.linkonce.b.*)
 *(.rel.ifunc)

.rel.plt        0x00000000080480d4        0x0
 *(.rel.plt)
                [!provide]                        PROVIDE (__rel_iplt_start = .)
 *(.rel.iplt)
 .rel.iplt      0x00000000080480d4        0x0 build/main.o
                [!provide]                        PROVIDE (__rel_iplt_end = .)

.relr.dyn
 *(.relr.dyn)
                0x0000000008049000                . = ALIGN (CONSTANT (MAXPAGESIZE))

.init
 *(SORT_NONE(.init))

.plt            0x0000000008049000        0x0
 *(.plt)
 *(.iplt)
 .iplt          0x0000000008049000        0x0 build/main.o

.plt.got
 *(.plt.got)

.plt.sec
 *(.plt.sec)

.text           0x00000000c0001500     0x3a1a
 *(.text.unlikely .text.*_unlikely .text.unlikely.*)
 *(.text.exit .text.exit.*)
 *(.text.startup .text.startup.*)
 *(.text.hot .text.hot.*)
 *(SORT_BY_NAME(.text.sorted.*))
 *(.text .stub .text.* .gnu.linkonce.t.*)
 .text          0x00000000c0001500      0x1d6 build/main.o
                0x00000000c0001500                main
                0x00000000c00015a8                k_thread_a
                0x00000000c0001602                k_thread_b
                0x00000000c000165c                u_prog_a
                0x00000000c0001699                u_prog_b
 .text.__x86.get_pc_thunk.ax
                0x00000000c00016d6        0x4 build/main.o
                0x00000000c00016d6                __x86.get_pc_thunk.ax
 .text.__x86.get_pc_thunk.bx
                0x00000000c00016da        0x4 build/main.o
                0x00000000c00016da                __x86.get_pc_thunk.bx
 .text          0x00000000c00016de       0x4d build/init.o
                0x00000000c00016de                init_all
 .text          0x00000000c000172b      0x509 build/interrupt.o
                0x00000000c0001adb                intr_enable
                0x00000000c0001b0e                intr_disable
                0x00000000c0001b41                intr_set_status
                0x00000000c0001b69                intr_get_status
                0x00000000c0001b90                register_handler
                0x00000000c0001bb7                idt_init
 .text          0x00000000c0001c34      0x1b6 build/timer.o
                0x00000000c0001d82                timer_init
 *fill*         0x00000000c0001dea        0x6 
 .text          0x00000000c0001df0      0x537 build/kernel.o
                0x00000000c0001df0                intr_exit
 *fill*         0x00000000c0002327        0x9 
 .text          0x00000000c0002330      0x172 build/print.o
                0x00000000c0002330                put_str
                0x00000000c000234e                put_char
                0x00000000c000241b                put_int
                0x00000000c000247e                set_cursor
 .text          0x00000000c00024a2       0xf4 build/debug.o
                0x00000000c00024a2                panic_spin
 .text          0x00000000c0002596      0x8e3 build/memory.o
                0x00000000c00026c6                pte_ptr
                0x00000000c0002700                pde_ptr
                0x00000000c00028c1                malloc_page
                0x00000000c0002997                get_kernel_pages
                0x00000000c00029e1                get_user_pages
                0x00000000c0002a49                get_a_page
                0x00000000c0002bcc                addr_v2p
                0x00000000c0002e25                mem_init
 .text          0x00000000c0002e79      0x286 build/bitmap.o
                0x00000000c0002e79                bitmap_init
                0x00000000c0002eac                bitmap_scan_test
                0x00000000c0002ef5                bitmap_scan
                0x00000000c0003037                bitmap_set
 .text          0x00000000c00030ff      0x4a4 build/string.o
                0x00000000c00030ff                memset
                0x00000000c0003166                memcpy
                0x00000000c00031d9                memcmp
                0x00000000c0003272                strcpy
                0x00000000c00032dd                strlen
                0x00000000c000333a                strcmp
                0x00000000c00033c9                strchr
                0x00000000c0003437                strrchr
                0x00000000c00034ab                strcat
                0x00000000c000352b                strchrs
 .text          0x00000000c00035a3      0x649 build/thread.o
                0x00000000c00035a3                running_thread
                0x00000000c00035ee                thread_create
                0x00000000c0003672                init_thread
                0x00000000c0003715                thread_start
                0x00000000c00038aa                schedule
                0x00000000c00039f4                thread_block
                0x00000000c0003a69                thread_unblock
                0x00000000c0003b87                thread_init
 .text.__x86.get_pc_thunk.dx
                0x00000000c0003bec        0x4 build/thread.o
                0x00000000c0003bec                __x86.get_pc_thunk.dx
 .text          0x00000000c0003bf0      0x25c build/list.o
                0x00000000c0003bf0                list_init
                0x00000000c0003c28                list_insert_before
                0x00000000c0003c7c                list_push
                0x00000000c0003ca4                list_append
                0x00000000c0003ccc                list_remove
                0x00000000c0003d15                list_pop
                0x00000000c0003d41                list_empty
                0x00000000c0003d64                list_len
                0x00000000c0003da3                elem_find
                0x00000000c0003de8                list_traversal
 *fill*         0x00000000c0003e4c        0x4 
 .text          0x00000000c0003e50       0x15 build/switch.o
                0x00000000c0003e50                switch_to
 .text          0x00000000c0003e65      0x38f build/sync.o
                0x00000000c0003e65                sema_init
                0x00000000c0003e9f                lock_init
                0x00000000c0003ed9                sema_down
                0x00000000c0003ff5                sema_up
                0x00000000c00040bf                lock_acquire
                0x00000000c0004145                lock_release
 .text          0x00000000c00041f4      0x119 build/console.o
                0x00000000c00041f4                console_init
                0x00000000c000421f                console_acquire
                0x00000000c000424a                console_release
                0x00000000c0004275                console_put_str
                0x00000000c00042a5                console_put_char
                0x00000000c00042dd                console_put_int
 .text          0x00000000c000430d      0x316 build/keyboard.o
                0x00000000c00045c1                keyboard_init
 .text          0x00000000c0004623      0x378 build/ioqueue.o
                0x00000000c0004623                ioqueue_init
                0x00000000c0004697                ioq_full
                0x00000000c00046f6                ioq_empty
                0x00000000c0004800                ioq_getchar
                0x00000000c00048cc                ioq_putchar
 .text          0x00000000c000499b      0x1b2 build/tss.o
                0x00000000c000499b                update_tss_esp
                0x00000000c0004a2c                tss_init
 .text          0x00000000c0004b4d      0x3cd build/process.o
                0x00000000c0004b4d                start_process
                0x00000000c0004c61                page_dir_activate
                0x00000000c0004ca6                process_activate
                0x00000000c0004d09                create_page_dir
                0x00000000c0004d95                create_user_vaddr_bitmap
                0x00000000c0004dee                process_execute
 *(.gnu.warning)

.fini
 *(SORT_NONE(.fini))
                [!provide]                        PROVIDE (__etext = .)
                [!provide]                        PROVIDE (_etext = .)
                [!provide]                        PROVIDE (etext = .)
                0x00000000c0005000                . = ALIGN (CONSTANT (MAXPAGESIZE))
                0x00000000c0005000                . = SEGMENT_START ("rodata-segment", (ALIGN (CONSTANT (MAXPAGESIZE)) + (. & (CONSTANT (MAXPAGESIZE) - 0x1))))

.rodata         0x00000000c0005000      0xccc
 *(.rodata .rodata.* .gnu.linkonce.r.*)
 .rodata        0x00000000c0005000       0x57 build/main.o
 .rodata        0x00000000c0005057        0xa build/init.o
 *fill*         0x00000000c0005061        0x3 
 .rodata        0x00000000c0005064      0x2cd build/interrupt.o
 *fill*         0x00000000c0005331        0x3 
 .rodata        0x00000000c0005334       0x6b build/timer.o
 .rodata        0x00000000c000539f       0x3b build/debug.o
 *fill*         0x00000000c00053da        0x2 
 .rodata        0x00000000c00053dc      0x1d7 build/memory.o
 *fill*         0x00000000c00055b3        0x1 
 .rodata        0x00000000c00055b4       0x6b build/bitmap.o
 *fill*         0x00000000c000561f        0x1 
 .rodata        0x00000000c0005620       0xc4 build/string.o
 .rodata        0x00000000c00056e4      0x2cb build/thread.o
 *fill*         0x00000000c00059af        0x1 
 .rodata        0x00000000c00059b0      0x135 build/sync.o
 .rodata        0x00000000c0005ae5       0x36 build/keyboard.o
 *fill*         0x00000000c0005b1b        0x1 
 .rodata        0x00000000c0005b1c       0xa8 build/ioqueue.o
 .rodata        0x00000000c0005bc4       0x27 build/tss.o
 *fill*         0x00000000c0005beb        0x1 
 .rodata        0x00000000c0005bec       0xe0 build/process.o

.rodata1
 *(.rodata1)

.eh_frame_hdr
 *(.eh_frame_hdr)
 *(.eh_frame_entry .eh_frame_entry.*)

.eh_frame       0x00000000c0005ccc      0xe18
 *(.eh_frame)
 .eh_frame      0x00000000c0005ccc       0xd8 build/main.o
 .eh_frame      0x00000000c0005da4       0x24 build/init.o
                                         0x50 (size before relaxing)
 .eh_frame      0x00000000c0005dc8      0x198 build/interrupt.o
                                        0x1d8 (size before relaxing)
 .eh_frame      0x00000000c0005f60       0x94 build/timer.o
                                         0xd4 (size before relaxing)
 .eh_frame      0x00000000c0005ff4       0x1c build/debug.o
                                         0x48 (size before relaxing)
 .eh_frame      0x00000000c0006010      0x1a4 build/memory.o
                                        0x1e4 (size before relaxing)
 .eh_frame      0x00000000c00061b4       0x90 build/bitmap.o
                                         0xbc (size before relaxing)
 .eh_frame      0x00000000c0006244      0x168 build/string.o
                                        0x194 (size before relaxing)
 .eh_frame      0x00000000c00063ac      0x174 build/thread.o
                                        0x1b4 (size before relaxing)
 .eh_frame      0x00000000c0006520      0x148 build/list.o
                                        0x188 (size before relaxing)
 .eh_frame      0x00000000c0006668       0xdc build/sync.o
                                        0x11c (size before relaxing)
 .eh_frame      0x00000000c0006744       0xd8 build/console.o
                                        0x118 (size before relaxing)
 .eh_frame      0x00000000c000681c       0x68 build/keyboard.o
                                         0xa8 (size before relaxing)
 .eh_frame      0x00000000c0006884      0x11c build/ioqueue.o
                                        0x15c (size before relaxing)
 .eh_frame      0x00000000c00069a0       0x6c build/tss.o
                                         0xac (size before relaxing)
 .eh_frame      0x00000000c0006a0c       0xd8 build/process.o
                                        0x118 (size before relaxing)
 *(.eh_frame.*)

.gcc_except_table
 *(.gcc_except_table .gcc_except_table.*)

.gnu_extab
 *(.gnu_extab*)

.exception_ranges
 *(.exception_ranges*)
                0x00000000c0008000                . = DATA_SEGMENT_ALIGN (CONSTANT (MAXPAGESIZE), CONSTANT (COMMONPAGESIZE))

.eh_frame
 *(.eh_frame)
 *(.eh_frame.*)

.gnu_extab
 *(.gnu_extab)

.gcc_except_table
 *(.gcc_except_table .gcc_except_table.*)

.exception_ranges
 *(.exception_ranges*)

.tdata          0x00000000c0008000        0x0
                [!provide]                        PROVIDE (__tdata_start = .)
 *(.tdata .tdata.* .gnu.linkonce.td.*)

.tbss
 *(.tbss .tbss.* .gnu.linkonce.tb.*)
 *(.tcommon)

.preinit_array  0x00000000c0008000        0x0
                [!provide]                        PROVIDE (__preinit_array_start = .)
 *(.preinit_array)
                [!provide]                        PROVIDE (__preinit_array_end = .)

.init_array     0x00000000c0008000        0x0
                [!provide]                        PROVIDE (__init_array_start = .)
 *(SORT_BY_INIT_PRIORITY(.init_array.*) SORT_BY_INIT_PRIORITY(.ctors.*))
 *(.init_array EXCLUDE_FILE(*crtend?.o *crtend.o *crtbegin?.o *crtbegin.o) .ctors)
                [!provide]                        PROVIDE (__init_array_end = .)

.fini_array     0x00000000c0008000        0x0
                [!provide]                        PROVIDE (__fini_array_start = .)
 *(SORT_BY_INIT_PRIORITY(.fini_array.*) SORT_BY_INIT_PRIORITY(.dtors.*))
 *(.fini_array EXCLUDE_FILE(*crtend?.o *crtend.o *crtbegin?.o *crtbegin.o) .dtors)
                [!provide]                        PROVIDE (__fini_array_end = .)

.ctors
 *crtbegin.o(.ctors)
 *crtbegin?.o(.ctors)
 *(EXCLUDE_FILE(*crtend?.o *crtend.o) .ctors)
 *(SORT_BY_NAME(.ctors.*))
 *(.ctors)

.dtors
 *crtbegin.o(.dtors)
 *crtbegin?.o(.dtors)
 *(EXCLUDE_FILE(*crtend?.o *crtend.o) .dtors)
 *(SORT_BY_NAME(.dtors.*))
 *(.dtors)

.jcr
 *(.jcr)

.data.rel.ro
 *(.data.rel.ro.local* .gnu.linkonce.d.rel.ro.local.*)
 *(.data.rel.ro .data.rel.ro.* .gnu.linkonce.d.rel.ro.*)

.dynamic
 *(.dynamic)

.got            0x00000000c0008000        0x0
 *(.got)
 .got           0x00000000c0008000        0x0 build/main.o
 *(.igot)
                0x00000000c0008ff4                . = DATA_SEGMENT_RELRO_END (., (SIZEOF (.got.plt) >= 0xc)?0xc:0x0)

.got.plt        0x00000000c0008000        0xc
 *(.got.plt)
 .got.plt       0x00000000c0008000        0xc build/main.o
                0x00000000c0008000                _GLOBAL_OFFSET_TABLE_
 *(.igot.plt)
 .igot.plt      0x00000000c000800c        0x0 build/main.o

.data           0x00000000c0008020      0x156
 *(.data .data.* .gnu.linkonce.d.*)
 .data          0x00000000c0008020        0x0 build/main.o
 .data          0x00000000c0008020        0x0 build/init.o
 .data          0x00000000c0008020        0x0 build/interrupt.o
 .data          0x00000000c0008020        0x0 build/timer.o
 .data          0x00000000c0008020       0xc0 build/kernel.o
                0x00000000c0008020                intr_entry_table
 .data          0x00000000c00080e0        0x8 build/print.o
 .data          0x00000000c00080e8        0x0 build/debug.o
 .data          0x00000000c00080e8        0x0 build/memory.o
 .data          0x00000000c00080e8        0x0 build/bitmap.o
 .data          0x00000000c00080e8        0x0 build/string.o
 .data          0x00000000c00080e8        0x0 build/thread.o
 .data          0x00000000c00080e8        0x0 build/list.o
 .data          0x00000000c00080e8        0x0 build/sync.o
 .data          0x00000000c00080e8        0x0 build/console.o
 *fill*         0x00000000c00080e8       0x18 
 .data          0x00000000c0008100       0x76 build/keyboard.o
 .data          0x00000000c0008176        0x0 build/ioqueue.o
 .data          0x00000000c0008176        0x0 build/tss.o
 .data          0x00000000c0008176        0x0 build/process.o

.data1
 *(.data1)
                0x00000000c0008176                _edata = .
                [!provide]                        PROVIDE (edata = .)
                0x00000000c0008176                . = .
                0x00000000c0008176                __bss_start = .

.bss            0x00000000c0008180      0x4ec
 *(.dynbss)
 *(.bss .bss.* .gnu.linkonce.b.*)
 .bss           0x00000000c0008180        0x8 build/main.o
                0x00000000c0008180                test_var_a
                0x00000000c0008184                test_var_b
 .bss           0x00000000c0008188        0x0 build/init.o
 *fill*         0x00000000c0008188       0x18 
 .bss           0x00000000c00081a0      0x300 build/interrupt.o
                0x00000000c00081a0                intr_name
                0x00000000c0008260                idt_table
 .bss           0x00000000c00084a0        0x4 build/timer.o
                0x00000000c00084a0                ticks
 .bss           0x00000000c00084a4        0x0 build/debug.o
 *fill*         0x00000000c00084a4       0x1c 
 .bss           0x00000000c00084c0       0x78 build/memory.o
                0x00000000c00084c0                kernel_pool
                0x00000000c0008500                user_pool
                0x00000000c000852c                kernel_vaddr
 .bss           0x00000000c0008538        0x0 build/bitmap.o
 .bss           0x00000000c0008538        0x0 build/string.o
 .bss           0x00000000c0008538       0x28 build/thread.o
                0x00000000c0008538                main_thread
                0x00000000c000853c                thread_ready_list
                0x00000000c000854c                thread_all_list
 .bss           0x00000000c0008560        0x0 build/list.o
 .bss           0x00000000c0008560        0x0 build/sync.o
 .bss           0x00000000c0008560       0x1c build/console.o
 *fill*         0x00000000c000857c        0x4 
 .bss           0x00000000c0008580       0x80 build/keyboard.o
                0x00000000c0008580                kbd_buf
 .bss           0x00000000c0008600        0x0 build/ioqueue.o
 .bss           0x00000000c0008600       0x6c build/tss.o
 .bss           0x00000000c000866c        0x0 build/process.o
 *(COMMON)
                0x00000000c000866c                . = ALIGN ((. != 0x0)?0x4:0x1)
                0x00000000c000866c                . = ALIGN (0x4)
                0x00000000c000866c                . = SEGMENT_START ("ldata-segment", .)
                0x00000000c000866c                . = ALIGN (0x4)
                0x00000000c000866c                _end = .
                [!provide]                        PROVIDE (end = .)
                0x00000000c000866c                . = DATA_SEGMENT_END (.)

.stab
 *(.stab)

.stabstr
 *(.stabstr)

.stab.excl
 *(.stab.excl)

.stab.exclstr
 *(.stab.exclstr)

.stab.index
 *(.stab.index)

.stab.indexstr
 *(.stab.indexstr)

.comment        0x0000000000000000       0x2b
 *(.comment)
 .comment       0x0000000000000000       0x2b build/main.o
                                         0x2c (size before relaxing)
 .comment       0x000000000000002b       0x2c build/init.o
 .comment       0x000000000000002b       0x2c build/interrupt.o
 .comment       0x000000000000002b       0x2c build/timer.o
 .comment       0x000000000000002b       0x2c build/debug.o
 .comment       0x000000000000002b       0x2c build/memory.o
 .comment       0x000000000000002b       0x2c build/bitmap.o
 .comment       0x000000000000002b       0x2c build/string.o
 .comment       0x000000000000002b       0x2c build/thread.o
 .comment       0x000000000000002b       0x2c build/list.o
 .comment       0x000000000000002b       0x2c build/sync.o
 .comment       0x000000000000002b       0x2c build/console.o
 .comment       0x000000000000002b       0x2c build/keyboard.o
 .comment       0x000000000000002b       0x2c build/ioqueue.o
 .comment       0x000000000000002b       0x2c build/tss.o
 .comment       0x000000000000002b       0x2c build/process.o

.gnu.build.attributes
 *(.gnu.build.attributes .gnu.build.attributes.*)

.debug
 *(.debug)

.line
 *(.line)

.debug_srcinfo
 *(.debug_srcinfo)

.debug_sfnames
 *(.debug_sfnames)

.debug_aranges
 *(.debug_aranges)

.debug_pubnames
 *(.debug_pubnames)

.debug_info
 *(.debug_info .gnu.linkonce.wi.*)

.debug_abbrev
 *(.debug_abbrev)

.debug_line
 *(.debug_line .debug_line.* .debug_line_end)

.debug_frame
 *(.debug_frame)

.debug_str
 *(.debug_str)

.debug_loc
 *(.debug_loc)

.debug_macinfo
 *(.debug_macinfo)

.debug_weaknames
 *(.debug_weaknames)

.debug_funcnames
 *(.debug_funcnames)

.debug_typenames
 *(.debug_typenames)

.debug_varnames
 *(.debug_varnames)

.debug_pubtypes
 *(.debug_pubtypes)

.debug_ranges
 *(.debug_ranges)

.debug_addr
 *(.debug_addr)

.debug_line_str
 *(.debug_line_str)

.debug_loclists
 *(.debug_loclists)

.debug_macro
 *(.debug_macro)

.debug_names
 *(.debug_names)

.debug_rnglists
 *(.debug_rnglists)

.debug_str_offsets
 *(.debug_str_offsets)

.debug_sup
 *(.debug_sup)

.gnu.attributes
 *(.gnu.attributes)

/DISCARD/
 *(.note.GNU-stack)
 *(.gnu_debuglink)
 *(.gnu.lto_*)
OUTPUT(build/kernel.bin elf32-i386)
