
Discarded input sections

 .group         0x0000000000000000        0x8 build/main.o
 .note.GNU-stack
                0x0000000000000000        0x0 build/main.o
 .group         0x0000000000000000        0x8 build/init.o
 .text.__x86.get_pc_thunk.bx
                0x0000000000000000        0x4 build/init.o
 .note.GNU-stack
                0x0000000000000000        0x0 build/init.o
 .group         0x0000000000000000        0x8 build/interrupt.o
 .group         0x0000000000000000        0x8 build/interrupt.o
 .text.__x86.get_pc_thunk.bx
                0x0000000000000000        0x4 build/interrupt.o
 .note.GNU-stack
                0x0000000000000000        0x0 build/interrupt.o
 .group         0x0000000000000000        0x8 build/timer.o
 .group         0x0000000000000000        0x8 build/timer.o
 .text.__x86.get_pc_thunk.ax
                0x0000000000000000        0x4 build/timer.o
 .text.__x86.get_pc_thunk.bx
                0x0000000000000000        0x4 build/timer.o
 .note.GNU-stack
                0x0000000000000000        0x0 build/timer.o
 .group         0x0000000000000000        0x8 build/debug.o
 .text.__x86.get_pc_thunk.bx
                0x0000000000000000        0x4 build/debug.o
 .note.GNU-stack
                0x0000000000000000        0x0 build/debug.o
 .group         0x0000000000000000        0x8 build/memory.o
 .group         0x0000000000000000        0x8 build/memory.o
 .text.__x86.get_pc_thunk.ax
                0x0000000000000000        0x4 build/memory.o
 .text.__x86.get_pc_thunk.bx
                0x0000000000000000        0x4 build/memory.o
 .note.GNU-stack
                0x0000000000000000        0x0 build/memory.o
 .group         0x0000000000000000        0x8 build/bitmap.o
 .text.__x86.get_pc_thunk.ax
                0x0000000000000000        0x4 build/bitmap.o
 .note.GNU-stack
                0x0000000000000000        0x0 build/bitmap.o
 .group         0x0000000000000000        0x8 build/string.o
 .text.__x86.get_pc_thunk.ax
                0x0000000000000000        0x4 build/string.o
 .note.GNU-stack
                0x0000000000000000        0x0 build/string.o
 .group         0x0000000000000000        0x8 build/thread.o
 .group         0x0000000000000000        0x8 build/thread.o
 .group         0x0000000000000000        0x8 build/thread.o
 .text.__x86.get_pc_thunk.ax
                0x0000000000000000        0x4 build/thread.o
 .text.__x86.get_pc_thunk.bx
                0x0000000000000000        0x4 build/thread.o
 .note.GNU-stack
                0x0000000000000000        0x0 build/thread.o
 .group         0x0000000000000000        0x8 build/list.o
 .group         0x0000000000000000        0x8 build/list.o
 .text.__x86.get_pc_thunk.ax
                0x0000000000000000        0x4 build/list.o
 .text.__x86.get_pc_thunk.bx
                0x0000000000000000        0x4 build/list.o
 .note.GNU-stack
                0x0000000000000000        0x0 build/list.o
 .group         0x0000000000000000        0x8 build/sync.o
 .group         0x0000000000000000        0x8 build/sync.o
 .text.__x86.get_pc_thunk.ax
                0x0000000000000000        0x4 build/sync.o
 .text.__x86.get_pc_thunk.bx
                0x0000000000000000        0x4 build/sync.o
 .note.GNU-stack
                0x0000000000000000        0x0 build/sync.o
 .group         0x0000000000000000        0x8 build/console.o
 .group         0x0000000000000000        0x8 build/console.o
 .text.__x86.get_pc_thunk.ax
                0x0000000000000000        0x4 build/console.o
 .text.__x86.get_pc_thunk.bx
                0x0000000000000000        0x4 build/console.o
 .note.GNU-stack
                0x0000000000000000        0x0 build/console.o
 .group         0x0000000000000000        0x8 build/keyboard.o
 .group         0x0000000000000000        0x8 build/keyboard.o
 .text.__x86.get_pc_thunk.ax
                0x0000000000000000        0x4 build/keyboard.o
 .text.__x86.get_pc_thunk.bx
                0x0000000000000000        0x4 build/keyboard.o
 .note.GNU-stack
                0x0000000000000000        0x0 build/keyboard.o

Memory Configuration

Name             Origin             Length             Attributes
*default*        0x0000000000000000 0xffffffffffffffff

Linker script and memory map

Address of section .text set to 0xc0001500
LOAD build/main.o
LOAD build/init.o
LOAD build/interrupt.o
LOAD build/timer.o
LOAD build/kernel.o
LOAD build/print.o
LOAD build/debug.o
LOAD build/memory.o
LOAD build/bitmap.o
LOAD build/string.o
LOAD build/thread.o
LOAD build/list.o
LOAD build/switch.o
LOAD build/sync.o
LOAD build/console.o
LOAD build/keyboard.o
                [!provide]                        PROVIDE (__executable_start = SEGMENT_START ("text-segment", 0x8048000))
                0x00000000080480d4                . = (SEGMENT_START ("text-segment", 0x8048000) + SIZEOF_HEADERS)

.interp
 *(.interp)

.note.gnu.build-id
 *(.note.gnu.build-id)

.hash
 *(.hash)

.gnu.hash
 *(.gnu.hash)

.dynsym
 *(.dynsym)

.dynstr
 *(.dynstr)

.gnu.version
 *(.gnu.version)

.gnu.version_d
 *(.gnu.version_d)

.gnu.version_r
 *(.gnu.version_r)

.rel.dyn        0x00000000080480d4        0x0
 *(.rel.init)
 *(.rel.text .rel.text.* .rel.gnu.linkonce.t.*)
 *(.rel.fini)
 *(.rel.rodata .rel.rodata.* .rel.gnu.linkonce.r.*)
 *(.rel.data.rel.ro .rel.data.rel.ro.* .rel.gnu.linkonce.d.rel.ro.*)
 *(.rel.data .rel.data.* .rel.gnu.linkonce.d.*)
 *(.rel.tdata .rel.tdata.* .rel.gnu.linkonce.td.*)
 *(.rel.tbss .rel.tbss.* .rel.gnu.linkonce.tb.*)
 *(.rel.ctors)
 *(.rel.dtors)
 *(.rel.got)
 .rel.got       0x00000000080480d4        0x0 build/main.o
 *(.rel.bss .rel.bss.* .rel.gnu.linkonce.b.*)
 *(.rel.ifunc)

.rel.plt        0x00000000080480d4        0x0
 *(.rel.plt)
                [!provide]                        PROVIDE (__rel_iplt_start = .)
 *(.rel.iplt)
 .rel.iplt      0x00000000080480d4        0x0 build/main.o
                [!provide]                        PROVIDE (__rel_iplt_end = .)

.relr.dyn
 *(.relr.dyn)
                0x0000000008049000                . = ALIGN (CONSTANT (MAXPAGESIZE))

.init
 *(SORT_NONE(.init))

.plt            0x0000000008049000        0x0
 *(.plt)
 *(.iplt)
 .iplt          0x0000000008049000        0x0 build/main.o

.plt.got
 *(.plt.got)

.plt.sec
 *(.plt.sec)

.text           0x00000000c0001500     0x2ce0
 *(.text.unlikely .text.*_unlikely .text.unlikely.*)
 *(.text.exit .text.exit.*)
 *(.text.startup .text.startup.*)
 *(.text.hot .text.hot.*)
 *(SORT_BY_NAME(.text.sorted.*))
 *(.text .stub .text.* .gnu.linkonce.t.*)
 .text          0x00000000c0001500       0xc0 build/main.o
                0x00000000c0001500                main
                0x00000000c0001538                k_thread_a
                0x00000000c000157c                k_thread_b
 .text.__x86.get_pc_thunk.bx
                0x00000000c00015c0        0x4 build/main.o
                0x00000000c00015c0                __x86.get_pc_thunk.bx
 .text          0x00000000c00015c4       0x48 build/init.o
                0x00000000c00015c4                init_all
 .text          0x00000000c000160c      0x509 build/interrupt.o
                0x00000000c00019bc                intr_enable
                0x00000000c00019ef                intr_disable
                0x00000000c0001a22                intr_set_status
                0x00000000c0001a4a                intr_get_status
                0x00000000c0001a71                register_handler
                0x00000000c0001a98                idt_init
 .text.__x86.get_pc_thunk.ax
                0x00000000c0001b15        0x4 build/interrupt.o
                0x00000000c0001b15                __x86.get_pc_thunk.ax
 .text          0x00000000c0001b19      0x1b6 build/timer.o
                0x00000000c0001c67                timer_init
 *fill*         0x00000000c0001ccf        0x1 
 .text          0x00000000c0001cd0      0x537 build/kernel.o
                0x00000000c0001cd0                intr_exit
 *fill*         0x00000000c0002207        0x9 
 .text          0x00000000c0002210      0x172 build/print.o
                0x00000000c0002210                put_str
                0x00000000c000222e                put_char
                0x00000000c00022fb                put_int
                0x00000000c000235e                set_cursor
 .text          0x00000000c0002382       0xf4 build/debug.o
                0x00000000c0002382                panic_spin
 .text          0x00000000c0002476      0x604 build/memory.o
                0x00000000c000250c                pte_ptr
                0x00000000c0002546                pde_ptr
                0x00000000c0002707                malloc_page
                0x00000000c00027dd                get_kernel_pages
                0x00000000c0002a26                mem_init
 .text          0x00000000c0002a7a      0x286 build/bitmap.o
                0x00000000c0002a7a                bitmap_init
                0x00000000c0002aad                bitmap_scan_test
                0x00000000c0002af6                bitmap_scan
                0x00000000c0002c38                bitmap_set
 .text          0x00000000c0002d00      0x4a4 build/string.o
                0x00000000c0002d00                memset
                0x00000000c0002d67                memcpy
                0x00000000c0002dda                memcmp
                0x00000000c0002e73                strcpy
                0x00000000c0002ede                strlen
                0x00000000c0002f3b                strcmp
                0x00000000c0002fca                strchr
                0x00000000c0003038                strrchr
                0x00000000c00030ac                strcat
                0x00000000c000312c                strchrs
 .text          0x00000000c00031a4      0x635 build/thread.o
                0x00000000c00031a4                running_thread
                0x00000000c00031ef                thread_create
                0x00000000c0003273                init_thread
                0x00000000c0003316                thread_start
                0x00000000c00034ab                schedule
                0x00000000c00035e7                thread_block
                0x00000000c000365c                thread_unblock
                0x00000000c0003774                thread_init
 .text.__x86.get_pc_thunk.dx
                0x00000000c00037d9        0x4 build/thread.o
                0x00000000c00037d9                __x86.get_pc_thunk.dx
 .text          0x00000000c00037dd      0x25c build/list.o
                0x00000000c00037dd                list_init
                0x00000000c0003815                list_insert_before
                0x00000000c0003869                list_push
                0x00000000c0003891                list_append
                0x00000000c00038b9                list_remove
                0x00000000c0003902                list_pop
                0x00000000c000392e                list_empty
                0x00000000c0003951                list_len
                0x00000000c0003990                elem_find
                0x00000000c00039d5                list_traversal
 *fill*         0x00000000c0003a39        0x7 
 .text          0x00000000c0003a40       0x15 build/switch.o
                0x00000000c0003a40                switch_to
 .text          0x00000000c0003a55      0x38f build/sync.o
                0x00000000c0003a55                sema_init
                0x00000000c0003a8f                lock_init
                0x00000000c0003ac9                sema_down
                0x00000000c0003be5                sema_up
                0x00000000c0003caf                lock_acquire
                0x00000000c0003d35                lock_release
 .text          0x00000000c0003de4      0x119 build/console.o
                0x00000000c0003de4                console_init
                0x00000000c0003e0f                console_acquire
                0x00000000c0003e3a                console_release
                0x00000000c0003e65                console_put_str
                0x00000000c0003e95                console_put_char
                0x00000000c0003ecd                console_put_int
 .text          0x00000000c0003efd      0x2e3 build/keyboard.o
                0x00000000c0004190                keyboard_init
 *(.gnu.warning)

.fini
 *(SORT_NONE(.fini))
                [!provide]                        PROVIDE (__etext = .)
                [!provide]                        PROVIDE (_etext = .)
                [!provide]                        PROVIDE (etext = .)
                0x00000000c0005000                . = ALIGN (CONSTANT (MAXPAGESIZE))
                0x00000000c0005000                . = SEGMENT_START ("rodata-segment", (ALIGN (CONSTANT (MAXPAGESIZE)) + (. & (CONSTANT (MAXPAGESIZE) - 0x1))))

.rodata         0x00000000c0005000      0xa27
 *(.rodata .rodata.* .gnu.linkonce.r.*)
 .rodata        0x00000000c0005000        0xd build/main.o
 .rodata        0x00000000c000500d        0xa build/init.o
 *fill*         0x00000000c0005017        0x1 
 .rodata        0x00000000c0005018      0x2cd build/interrupt.o
 *fill*         0x00000000c00052e5        0x3 
 .rodata        0x00000000c00052e8       0x6b build/timer.o
 .rodata        0x00000000c0005353       0x3b build/debug.o
 *fill*         0x00000000c000538e        0x2 
 .rodata        0x00000000c0005390      0x130 build/memory.o
 .rodata        0x00000000c00054c0       0x6b build/bitmap.o
 *fill*         0x00000000c000552b        0x1 
 .rodata        0x00000000c000552c       0xc4 build/string.o
 .rodata        0x00000000c00055f0      0x2cb build/thread.o
 *fill*         0x00000000c00058bb        0x1 
 .rodata        0x00000000c00058bc      0x135 build/sync.o
 .rodata        0x00000000c00059f1       0x36 build/keyboard.o

.rodata1
 *(.rodata1)

.eh_frame_hdr
 *(.eh_frame_hdr)
 *(.eh_frame_entry .eh_frame_entry.*)

.eh_frame       0x00000000c0005a28      0xb18
 *(.eh_frame)
 .eh_frame      0x00000000c0005a28       0x8c build/main.o
 .eh_frame      0x00000000c0005ab4       0x24 build/init.o
                                         0x50 (size before relaxing)
 .eh_frame      0x00000000c0005ad8      0x1ac build/interrupt.o
                                        0x1d8 (size before relaxing)
 .eh_frame      0x00000000c0005c84       0x94 build/timer.o
                                         0xd4 (size before relaxing)
 .eh_frame      0x00000000c0005d18       0x1c build/debug.o
                                         0x48 (size before relaxing)
 .eh_frame      0x00000000c0005d34      0x13c build/memory.o
                                        0x17c (size before relaxing)
 .eh_frame      0x00000000c0005e70       0x90 build/bitmap.o
                                         0xbc (size before relaxing)
 .eh_frame      0x00000000c0005f00      0x168 build/string.o
                                        0x194 (size before relaxing)
 .eh_frame      0x00000000c0006068      0x174 build/thread.o
                                        0x1b4 (size before relaxing)
 .eh_frame      0x00000000c00061dc      0x148 build/list.o
                                        0x188 (size before relaxing)
 .eh_frame      0x00000000c0006324       0xdc build/sync.o
                                        0x11c (size before relaxing)
 .eh_frame      0x00000000c0006400       0xd8 build/console.o
                                        0x118 (size before relaxing)
 .eh_frame      0x00000000c00064d8       0x68 build/keyboard.o
                                         0xa8 (size before relaxing)
 *(.eh_frame.*)

.gcc_except_table
 *(.gcc_except_table .gcc_except_table.*)

.gnu_extab
 *(.gnu_extab*)

.exception_ranges
 *(.exception_ranges*)
                0x00000000c0008000                . = DATA_SEGMENT_ALIGN (CONSTANT (MAXPAGESIZE), CONSTANT (COMMONPAGESIZE))

.eh_frame
 *(.eh_frame)
 *(.eh_frame.*)

.gnu_extab
 *(.gnu_extab)

.gcc_except_table
 *(.gcc_except_table .gcc_except_table.*)

.exception_ranges
 *(.exception_ranges*)

.tdata          0x00000000c0008000        0x0
                [!provide]                        PROVIDE (__tdata_start = .)
 *(.tdata .tdata.* .gnu.linkonce.td.*)

.tbss
 *(.tbss .tbss.* .gnu.linkonce.tb.*)
 *(.tcommon)

.preinit_array  0x00000000c0008000        0x0
                [!provide]                        PROVIDE (__preinit_array_start = .)
 *(.preinit_array)
                [!provide]                        PROVIDE (__preinit_array_end = .)

.init_array     0x00000000c0008000        0x0
                [!provide]                        PROVIDE (__init_array_start = .)
 *(SORT_BY_INIT_PRIORITY(.init_array.*) SORT_BY_INIT_PRIORITY(.ctors.*))
 *(.init_array EXCLUDE_FILE(*crtend?.o *crtend.o *crtbegin?.o *crtbegin.o) .ctors)
                [!provide]                        PROVIDE (__init_array_end = .)

.fini_array     0x00000000c0008000        0x0
                [!provide]                        PROVIDE (__fini_array_start = .)
 *(SORT_BY_INIT_PRIORITY(.fini_array.*) SORT_BY_INIT_PRIORITY(.dtors.*))
 *(.fini_array EXCLUDE_FILE(*crtend?.o *crtend.o *crtbegin?.o *crtbegin.o) .dtors)
                [!provide]                        PROVIDE (__fini_array_end = .)

.ctors
 *crtbegin.o(.ctors)
 *crtbegin?.o(.ctors)
 *(EXCLUDE_FILE(*crtend?.o *crtend.o) .ctors)
 *(SORT_BY_NAME(.ctors.*))
 *(.ctors)

.dtors
 *crtbegin.o(.dtors)
 *crtbegin?.o(.dtors)
 *(EXCLUDE_FILE(*crtend?.o *crtend.o) .dtors)
 *(SORT_BY_NAME(.dtors.*))
 *(.dtors)

.jcr
 *(.jcr)

.data.rel.ro
 *(.data.rel.ro.local* .gnu.linkonce.d.rel.ro.local.*)
 *(.data.rel.ro .data.rel.ro.* .gnu.linkonce.d.rel.ro.*)

.dynamic
 *(.dynamic)

.got            0x00000000c0008000        0x0
 *(.got)
 .got           0x00000000c0008000        0x0 build/main.o
 *(.igot)
                0x00000000c0008ff4                . = DATA_SEGMENT_RELRO_END (., (SIZEOF (.got.plt) >= 0xc)?0xc:0x0)

.got.plt        0x00000000c0008000        0xc
 *(.got.plt)
 .got.plt       0x00000000c0008000        0xc build/main.o
                0x00000000c0008000                _GLOBAL_OFFSET_TABLE_
 *(.igot.plt)
 .igot.plt      0x00000000c000800c        0x0 build/main.o

.data           0x00000000c0008020      0x156
 *(.data .data.* .gnu.linkonce.d.*)
 .data          0x00000000c0008020        0x0 build/main.o
 .data          0x00000000c0008020        0x0 build/init.o
 .data          0x00000000c0008020        0x0 build/interrupt.o
 .data          0x00000000c0008020        0x0 build/timer.o
 .data          0x00000000c0008020       0xc0 build/kernel.o
                0x00000000c0008020                intr_entry_table
 .data          0x00000000c00080e0        0x8 build/print.o
 .data          0x00000000c00080e8        0x0 build/debug.o
 .data          0x00000000c00080e8        0x0 build/memory.o
 .data          0x00000000c00080e8        0x0 build/bitmap.o
 .data          0x00000000c00080e8        0x0 build/string.o
 .data          0x00000000c00080e8        0x0 build/thread.o
 .data          0x00000000c00080e8        0x0 build/list.o
 .data          0x00000000c00080e8        0x0 build/sync.o
 .data          0x00000000c00080e8        0x0 build/console.o
 *fill*         0x00000000c00080e8       0x18 
 .data          0x00000000c0008100       0x76 build/keyboard.o

.data1
 *(.data1)
                0x00000000c0008176                _edata = .
                [!provide]                        PROVIDE (edata = .)
                0x00000000c0008176                . = .
                0x00000000c0008176                __bss_start = .

.bss            0x00000000c0008180      0x388
 *(.dynbss)
 *(.bss .bss.* .gnu.linkonce.b.*)
 .bss           0x00000000c0008180        0x0 build/main.o
 .bss           0x00000000c0008180        0x0 build/init.o
 .bss           0x00000000c0008180      0x300 build/interrupt.o
                0x00000000c0008180                intr_name
                0x00000000c0008240                idt_table
 .bss           0x00000000c0008480        0x4 build/timer.o
                0x00000000c0008480                ticks
 .bss           0x00000000c0008484        0x0 build/debug.o
 .bss           0x00000000c0008484       0x2c build/memory.o
                0x00000000c0008484                kernel_pool
                0x00000000c0008494                user_pool
                0x00000000c00084a4                kernel_vaddr
 .bss           0x00000000c00084b0        0x0 build/bitmap.o
 .bss           0x00000000c00084b0        0x0 build/string.o
 .bss           0x00000000c00084b0       0x28 build/thread.o
                0x00000000c00084b0                main_thread
                0x00000000c00084b4                thread_ready_list
                0x00000000c00084c4                thread_all_list
 .bss           0x00000000c00084d8        0x0 build/list.o
 .bss           0x00000000c00084d8        0x0 build/sync.o
 .bss           0x00000000c00084d8       0x1c build/console.o
 .bss           0x00000000c00084f4       0x14 build/keyboard.o
 *(COMMON)
                0x00000000c0008508                . = ALIGN ((. != 0x0)?0x4:0x1)
                0x00000000c0008508                . = ALIGN (0x4)
                0x00000000c0008508                . = SEGMENT_START ("ldata-segment", .)
                0x00000000c0008508                . = ALIGN (0x4)
                0x00000000c0008508                _end = .
                [!provide]                        PROVIDE (end = .)
                0x00000000c0008508                . = DATA_SEGMENT_END (.)

.stab
 *(.stab)

.stabstr
 *(.stabstr)

.stab.excl
 *(.stab.excl)

.stab.exclstr
 *(.stab.exclstr)

.stab.index
 *(.stab.index)

.stab.indexstr
 *(.stab.indexstr)

.comment        0x0000000000000000       0x2b
 *(.comment)
 .comment       0x0000000000000000       0x2b build/main.o
                                         0x2c (size before relaxing)
 .comment       0x000000000000002b       0x2c build/init.o
 .comment       0x000000000000002b       0x2c build/interrupt.o
 .comment       0x000000000000002b       0x2c build/timer.o
 .comment       0x000000000000002b       0x2c build/debug.o
 .comment       0x000000000000002b       0x2c build/memory.o
 .comment       0x000000000000002b       0x2c build/bitmap.o
 .comment       0x000000000000002b       0x2c build/string.o
 .comment       0x000000000000002b       0x2c build/thread.o
 .comment       0x000000000000002b       0x2c build/list.o
 .comment       0x000000000000002b       0x2c build/sync.o
 .comment       0x000000000000002b       0x2c build/console.o
 .comment       0x000000000000002b       0x2c build/keyboard.o

.gnu.build.attributes
 *(.gnu.build.attributes .gnu.build.attributes.*)

.debug
 *(.debug)

.line
 *(.line)

.debug_srcinfo
 *(.debug_srcinfo)

.debug_sfnames
 *(.debug_sfnames)

.debug_aranges
 *(.debug_aranges)

.debug_pubnames
 *(.debug_pubnames)

.debug_info
 *(.debug_info .gnu.linkonce.wi.*)

.debug_abbrev
 *(.debug_abbrev)

.debug_line
 *(.debug_line .debug_line.* .debug_line_end)

.debug_frame
 *(.debug_frame)

.debug_str
 *(.debug_str)

.debug_loc
 *(.debug_loc)

.debug_macinfo
 *(.debug_macinfo)

.debug_weaknames
 *(.debug_weaknames)

.debug_funcnames
 *(.debug_funcnames)

.debug_typenames
 *(.debug_typenames)

.debug_varnames
 *(.debug_varnames)

.debug_pubtypes
 *(.debug_pubtypes)

.debug_ranges
 *(.debug_ranges)

.debug_addr
 *(.debug_addr)

.debug_line_str
 *(.debug_line_str)

.debug_loclists
 *(.debug_loclists)

.debug_macro
 *(.debug_macro)

.debug_names
 *(.debug_names)

.debug_rnglists
 *(.debug_rnglists)

.debug_str_offsets
 *(.debug_str_offsets)

.debug_sup
 *(.debug_sup)

.gnu.attributes
 *(.gnu.attributes)

/DISCARD/
 *(.note.GNU-stack)
 *(.gnu_debuglink)
 *(.gnu.lto_*)
OUTPUT(build/kernel.bin elf32-i386)
