
Discarded input sections

 .group         0x0000000000000000        0x8 build/main.o
 .note.GNU-stack
                0x0000000000000000        0x0 build/main.o
 .group         0x0000000000000000        0x8 build/init.o
 .text.__x86.get_pc_thunk.bx
                0x0000000000000000        0x4 build/init.o
 .note.GNU-stack
                0x0000000000000000        0x0 build/init.o
 .group         0x0000000000000000        0x8 build/interrupt.o
 .group         0x0000000000000000        0x8 build/interrupt.o
 .text.__x86.get_pc_thunk.bx
                0x0000000000000000        0x4 build/interrupt.o
 .note.GNU-stack
                0x0000000000000000        0x0 build/interrupt.o
 .group         0x0000000000000000        0x8 build/timer.o
 .group         0x0000000000000000        0x8 build/timer.o
 .group         0x0000000000000000        0x8 build/timer.o
 .text.__x86.get_pc_thunk.ax
                0x0000000000000000        0x4 build/timer.o
 .text.__x86.get_pc_thunk.bx
                0x0000000000000000        0x4 build/timer.o
 .note.GNU-stack
                0x0000000000000000        0x0 build/timer.o
 .group         0x0000000000000000        0x8 build/debug.o
 .text.__x86.get_pc_thunk.bx
                0x0000000000000000        0x4 build/debug.o
 .note.GNU-stack
                0x0000000000000000        0x0 build/debug.o
 .group         0x0000000000000000        0x8 build/memory.o
 .group         0x0000000000000000        0x8 build/memory.o
 .text.__x86.get_pc_thunk.ax
                0x0000000000000000        0x4 build/memory.o
 .text.__x86.get_pc_thunk.bx
                0x0000000000000000        0x4 build/memory.o
 .note.GNU-stack
                0x0000000000000000        0x0 build/memory.o
 .group         0x0000000000000000        0x8 build/bitmap.o
 .text.__x86.get_pc_thunk.ax
                0x0000000000000000        0x4 build/bitmap.o
 .note.GNU-stack
                0x0000000000000000        0x0 build/bitmap.o
 .group         0x0000000000000000        0x8 build/string.o
 .text.__x86.get_pc_thunk.ax
                0x0000000000000000        0x4 build/string.o
 .note.GNU-stack
                0x0000000000000000        0x0 build/string.o
 .group         0x0000000000000000        0x8 build/thread.o
 .group         0x0000000000000000        0x8 build/thread.o
 .group         0x0000000000000000        0x8 build/thread.o
 .text.__x86.get_pc_thunk.ax
                0x0000000000000000        0x4 build/thread.o
 .text.__x86.get_pc_thunk.bx
                0x0000000000000000        0x4 build/thread.o
 .note.GNU-stack
                0x0000000000000000        0x0 build/thread.o
 .group         0x0000000000000000        0x8 build/list.o
 .group         0x0000000000000000        0x8 build/list.o
 .text.__x86.get_pc_thunk.ax
                0x0000000000000000        0x4 build/list.o
 .text.__x86.get_pc_thunk.bx
                0x0000000000000000        0x4 build/list.o
 .note.GNU-stack
                0x0000000000000000        0x0 build/list.o
 .group         0x0000000000000000        0x8 build/sync.o
 .group         0x0000000000000000        0x8 build/sync.o
 .text.__x86.get_pc_thunk.ax
                0x0000000000000000        0x4 build/sync.o
 .text.__x86.get_pc_thunk.bx
                0x0000000000000000        0x4 build/sync.o
 .note.GNU-stack
                0x0000000000000000        0x0 build/sync.o
 .group         0x0000000000000000        0x8 build/console.o
 .group         0x0000000000000000        0x8 build/console.o
 .text.__x86.get_pc_thunk.ax
                0x0000000000000000        0x4 build/console.o
 .text.__x86.get_pc_thunk.bx
                0x0000000000000000        0x4 build/console.o
 .note.GNU-stack
                0x0000000000000000        0x0 build/console.o
 .group         0x0000000000000000        0x8 build/keyboard.o
 .group         0x0000000000000000        0x8 build/keyboard.o
 .text.__x86.get_pc_thunk.ax
                0x0000000000000000        0x4 build/keyboard.o
 .text.__x86.get_pc_thunk.bx
                0x0000000000000000        0x4 build/keyboard.o
 .note.GNU-stack
                0x0000000000000000        0x0 build/keyboard.o
 .group         0x0000000000000000        0x8 build/ioqueue.o
 .group         0x0000000000000000        0x8 build/ioqueue.o
 .text.__x86.get_pc_thunk.ax
                0x0000000000000000        0x4 build/ioqueue.o
 .text.__x86.get_pc_thunk.bx
                0x0000000000000000        0x4 build/ioqueue.o
 .note.GNU-stack
                0x0000000000000000        0x0 build/ioqueue.o
 .group         0x0000000000000000        0x8 build/tss.o
 .group         0x0000000000000000        0x8 build/tss.o
 .text.__x86.get_pc_thunk.ax
                0x0000000000000000        0x4 build/tss.o
 .text.__x86.get_pc_thunk.bx
                0x0000000000000000        0x4 build/tss.o
 .note.GNU-stack
                0x0000000000000000        0x0 build/tss.o
 .group         0x0000000000000000        0x8 build/process.o
 .group         0x0000000000000000        0x8 build/process.o
 .text.__x86.get_pc_thunk.ax
                0x0000000000000000        0x4 build/process.o
 .text.__x86.get_pc_thunk.bx
                0x0000000000000000        0x4 build/process.o
 .note.GNU-stack
                0x0000000000000000        0x0 build/process.o
 .group         0x0000000000000000        0x8 build/syscall.o
 .text.__x86.get_pc_thunk.ax
                0x0000000000000000        0x4 build/syscall.o
 .note.GNU-stack
                0x0000000000000000        0x0 build/syscall.o
 .group         0x0000000000000000        0x8 build/syscall-init.o
 .group         0x0000000000000000        0x8 build/syscall-init.o
 .text.__x86.get_pc_thunk.ax
                0x0000000000000000        0x4 build/syscall-init.o
 .text.__x86.get_pc_thunk.bx
                0x0000000000000000        0x4 build/syscall-init.o
 .note.GNU-stack
                0x0000000000000000        0x0 build/syscall-init.o
 .group         0x0000000000000000        0x8 build/stdio.o
 .group         0x0000000000000000        0x8 build/stdio.o
 .text.__x86.get_pc_thunk.ax
                0x0000000000000000        0x4 build/stdio.o
 .text.__x86.get_pc_thunk.bx
                0x0000000000000000        0x4 build/stdio.o
 .note.GNU-stack
                0x0000000000000000        0x0 build/stdio.o
 .group         0x0000000000000000        0x8 build/ide.o
 .group         0x0000000000000000        0x8 build/ide.o
 .text.__x86.get_pc_thunk.ax
                0x0000000000000000        0x4 build/ide.o
 .text.__x86.get_pc_thunk.bx
                0x0000000000000000        0x4 build/ide.o
 .note.GNU-stack
                0x0000000000000000        0x0 build/ide.o
 .group         0x0000000000000000        0x8 build/stdio-kernel.o
 .text.__x86.get_pc_thunk.bx
                0x0000000000000000        0x4 build/stdio-kernel.o
 .note.GNU-stack
                0x0000000000000000        0x0 build/stdio-kernel.o
 .group         0x0000000000000000        0x8 build/fs.o
 .group         0x0000000000000000        0x8 build/fs.o
 .text.__x86.get_pc_thunk.ax
                0x0000000000000000        0x4 build/fs.o
 .text.__x86.get_pc_thunk.bx
                0x0000000000000000        0x4 build/fs.o
 .note.GNU-stack
                0x0000000000000000        0x0 build/fs.o
 .group         0x0000000000000000        0x8 build/inode.o
 .group         0x0000000000000000        0x8 build/inode.o
 .text.__x86.get_pc_thunk.ax
                0x0000000000000000        0x4 build/inode.o
 .text.__x86.get_pc_thunk.bx
                0x0000000000000000        0x4 build/inode.o
 .note.GNU-stack
                0x0000000000000000        0x0 build/inode.o
 .group         0x0000000000000000        0x8 build/file.o
 .group         0x0000000000000000        0x8 build/file.o
 .group         0x0000000000000000        0x8 build/file.o
 .text.__x86.get_pc_thunk.ax
                0x0000000000000000        0x4 build/file.o
 .text.__x86.get_pc_thunk.dx
                0x0000000000000000        0x4 build/file.o
 .text.__x86.get_pc_thunk.bx
                0x0000000000000000        0x4 build/file.o
 .note.GNU-stack
                0x0000000000000000        0x0 build/file.o
 .group         0x0000000000000000        0x8 build/dir.o
 .group         0x0000000000000000        0x8 build/dir.o
 .text.__x86.get_pc_thunk.ax
                0x0000000000000000        0x4 build/dir.o
 .text.__x86.get_pc_thunk.bx
                0x0000000000000000        0x4 build/dir.o
 .note.GNU-stack
                0x0000000000000000        0x0 build/dir.o
 .group         0x0000000000000000        0x8 build/fork.o
 .group         0x0000000000000000        0x8 build/fork.o
 .text.__x86.get_pc_thunk.ax
                0x0000000000000000        0x4 build/fork.o
 .text.__x86.get_pc_thunk.bx
                0x0000000000000000        0x4 build/fork.o
 .note.GNU-stack
                0x0000000000000000        0x0 build/fork.o
 .group         0x0000000000000000        0x8 build/shell.o
 .group         0x0000000000000000        0x8 build/shell.o
 .text.__x86.get_pc_thunk.ax
                0x0000000000000000        0x4 build/shell.o
 .text.__x86.get_pc_thunk.bx
                0x0000000000000000        0x4 build/shell.o
 .note.GNU-stack
                0x0000000000000000        0x0 build/shell.o
 .group         0x0000000000000000        0x8 build/assert.o
 .text.__x86.get_pc_thunk.ax
                0x0000000000000000        0x4 build/assert.o
 .note.GNU-stack
                0x0000000000000000        0x0 build/assert.o
 .group         0x0000000000000000        0x8 build/builtin_cmd.o
 .group         0x0000000000000000        0x8 build/builtin_cmd.o
 .text.__x86.get_pc_thunk.ax
                0x0000000000000000        0x4 build/builtin_cmd.o
 .text.__x86.get_pc_thunk.bx
                0x0000000000000000        0x4 build/builtin_cmd.o
 .note.GNU-stack
                0x0000000000000000        0x0 build/builtin_cmd.o

Memory Configuration

Name             Origin             Length             Attributes
*default*        0x0000000000000000 0xffffffffffffffff

Linker script and memory map

Address of section .text set to 0xc0001500
LOAD build/main.o
LOAD build/init.o
LOAD build/interrupt.o
LOAD build/timer.o
LOAD build/kernel.o
LOAD build/print.o
LOAD build/debug.o
LOAD build/memory.o
LOAD build/bitmap.o
LOAD build/string.o
LOAD build/thread.o
LOAD build/list.o
LOAD build/switch.o
LOAD build/sync.o
LOAD build/console.o
LOAD build/keyboard.o
LOAD build/ioqueue.o
LOAD build/tss.o
LOAD build/process.o
LOAD build/syscall.o
LOAD build/syscall-init.o
LOAD build/stdio.o
LOAD build/ide.o
LOAD build/stdio-kernel.o
LOAD build/fs.o
LOAD build/inode.o
LOAD build/file.o
LOAD build/dir.o
LOAD build/fork.o
LOAD build/shell.o
LOAD build/assert.o
LOAD build/builtin_cmd.o
                [!provide]                        PROVIDE (__executable_start = SEGMENT_START ("text-segment", 0x8048000))
                0x00000000080480d4                . = (SEGMENT_START ("text-segment", 0x8048000) + SIZEOF_HEADERS)

.interp
 *(.interp)

.note.gnu.build-id
 *(.note.gnu.build-id)

.hash
 *(.hash)

.gnu.hash
 *(.gnu.hash)

.dynsym
 *(.dynsym)

.dynstr
 *(.dynstr)

.gnu.version
 *(.gnu.version)

.gnu.version_d
 *(.gnu.version_d)

.gnu.version_r
 *(.gnu.version_r)

.rel.dyn        0x00000000080480d4        0x0
 *(.rel.init)
 *(.rel.text .rel.text.* .rel.gnu.linkonce.t.*)
 *(.rel.fini)
 *(.rel.rodata .rel.rodata.* .rel.gnu.linkonce.r.*)
 *(.rel.data.rel.ro .rel.data.rel.ro.* .rel.gnu.linkonce.d.rel.ro.*)
 *(.rel.data .rel.data.* .rel.gnu.linkonce.d.*)
 *(.rel.tdata .rel.tdata.* .rel.gnu.linkonce.td.*)
 *(.rel.tbss .rel.tbss.* .rel.gnu.linkonce.tb.*)
 *(.rel.ctors)
 *(.rel.dtors)
 *(.rel.got)
 .rel.got       0x00000000080480d4        0x0 build/main.o
 *(.rel.bss .rel.bss.* .rel.gnu.linkonce.b.*)
 *(.rel.ifunc)

.rel.plt        0x00000000080480d4        0x0
 *(.rel.plt)
                [!provide]                        PROVIDE (__rel_iplt_start = .)
 *(.rel.iplt)
 .rel.iplt      0x00000000080480d4        0x0 build/main.o
                [!provide]                        PROVIDE (__rel_iplt_end = .)

.relr.dyn
 *(.relr.dyn)
                0x0000000008049000                . = ALIGN (CONSTANT (MAXPAGESIZE))

.init
 *(SORT_NONE(.init))

.plt            0x0000000008049000        0x0
 *(.plt)
 *(.iplt)
 .iplt          0x0000000008049000        0x0 build/main.o

.plt.got
 *(.plt.got)

.plt.sec
 *(.plt.sec)

.text           0x00000000c0001500     0xc30d
 *(.text.unlikely .text.*_unlikely .text.unlikely.*)
 *(.text.exit .text.exit.*)
 *(.text.startup .text.startup.*)
 *(.text.hot .text.hot.*)
 *(SORT_BY_NAME(.text.sorted.*))
 *(.text .stub .text.* .gnu.linkonce.t.*)
 .text          0x00000000c0001500       0x74 build/main.o
                0x00000000c0001500                main
                0x00000000c000154a                init
 .text.__x86.get_pc_thunk.bx
                0x00000000c0001574        0x4 build/main.o
                0x00000000c0001574                __x86.get_pc_thunk.bx
 .text          0x00000000c0001578       0x61 build/init.o
                0x00000000c0001578                init_all
 .text          0x00000000c00015d9      0x53d build/interrupt.o
                0x00000000c00019bd                intr_enable
                0x00000000c00019f0                intr_disable
                0x00000000c0001a23                intr_set_status
                0x00000000c0001a4b                intr_get_status
                0x00000000c0001a72                register_handler
                0x00000000c0001a99                idt_init
 .text.__x86.get_pc_thunk.ax
                0x00000000c0001b16        0x4 build/interrupt.o
                0x00000000c0001b16                __x86.get_pc_thunk.ax
 .text          0x00000000c0001b1a      0x252 build/timer.o
                0x00000000c0001ca2                mtime_sleep
                0x00000000c0001d04                timer_init
 .text.__x86.get_pc_thunk.cx
                0x00000000c0001d6c        0x4 build/timer.o
                0x00000000c0001d6c                __x86.get_pc_thunk.cx
 .text          0x00000000c0001d70      0x55b build/kernel.o
                0x00000000c0001d70                intr_exit
                0x00000000c00022a7                syscall_handler
 *fill*         0x00000000c00022cb        0x5 
 .text          0x00000000c00022d0      0x1b1 build/print.o
                0x00000000c00022d0                put_str
                0x00000000c00022ee                put_char
                0x00000000c00023bb                cls_screen
                0x00000000c00023fa                put_int
                0x00000000c000245d                set_cursor
 .text          0x00000000c0002481       0xf4 build/debug.o
                0x00000000c0002481                panic_spin
 .text          0x00000000c0002575     0x133a build/memory.o
                0x00000000c00026a5                pte_ptr
                0x00000000c00026df                pde_ptr
                0x00000000c00028a0                malloc_page
                0x00000000c0002979                get_kernel_pages
                0x00000000c00029c3                get_user_pages
                0x00000000c0002a2b                get_a_page
                0x00000000c0002bae                addr_v2p
                0x00000000c0002be4                block_desc_init
                0x00000000c0002cc3                sys_malloc
                0x00000000c0003015                pfree
                0x00000000c0003177                mfree_page
                0x00000000c0003367                sys_free
                0x00000000c00037ae                get_a_page_without_opvaddrbitmap
                0x00000000c0003849                mem_init
 .text          0x00000000c00038af      0x286 build/bitmap.o
                0x00000000c00038af                bitmap_init
                0x00000000c00038e2                bitmap_scan_test
                0x00000000c000392b                bitmap_scan
                0x00000000c0003a6d                bitmap_set
 .text          0x00000000c0003b35      0x4a4 build/string.o
                0x00000000c0003b35                memset
                0x00000000c0003b9c                memcpy
                0x00000000c0003c0f                memcmp
                0x00000000c0003ca8                strcpy
                0x00000000c0003d13                strlen
                0x00000000c0003d70                strcmp
                0x00000000c0003dff                strchr
                0x00000000c0003e6d                strrchr
                0x00000000c0003ee1                strcat
                0x00000000c0003f61                strchrs
 .text          0x00000000c0003fd9      0xb6d build/thread.o
                0x00000000c0003ffa                running_thread
                0x00000000c0004098                fork_pid
                0x00000000c00040af                thread_create
                0x00000000c0004133                init_thread
                0x00000000c000423b                thread_start
                0x00000000c00043d3                schedule
                0x00000000c0004516                thread_yield
                0x00000000c00045b3                thread_block
                0x00000000c000462b                thread_unblock
                0x00000000c0004a3b                sys_ps
                0x00000000c0004a96                thread_init
 .text.__x86.get_pc_thunk.dx
                0x00000000c0004b46        0x4 build/thread.o
                0x00000000c0004b46                __x86.get_pc_thunk.dx
 .text          0x00000000c0004b4a      0x25c build/list.o
                0x00000000c0004b4a                list_init
                0x00000000c0004b82                list_insert_before
                0x00000000c0004bd6                list_push
                0x00000000c0004bfe                list_append
                0x00000000c0004c26                list_remove
                0x00000000c0004c6f                list_pop
                0x00000000c0004c9b                list_empty
                0x00000000c0004cbe                list_len
                0x00000000c0004cfd                elem_find
                0x00000000c0004d42                list_traversal
 *fill*         0x00000000c0004da6        0xa 
 .text          0x00000000c0004db0       0x15 build/switch.o
                0x00000000c0004db0                switch_to
 .text          0x00000000c0004dc5      0x38f build/sync.o
                0x00000000c0004dc5                sema_init
                0x00000000c0004dff                lock_init
                0x00000000c0004e39                sema_down
                0x00000000c0004f55                sema_up
                0x00000000c000501f                lock_acquire
                0x00000000c00050a5                lock_release
 .text          0x00000000c0005154      0x119 build/console.o
                0x00000000c0005154                console_init
                0x00000000c000517f                console_acquire
                0x00000000c00051aa                console_release
                0x00000000c00051d5                console_put_str
                0x00000000c0005205                console_put_char
                0x00000000c000523d                console_put_int
 .text          0x00000000c000526d      0x316 build/keyboard.o
                0x00000000c0005521                keyboard_init
 .text          0x00000000c0005583      0x378 build/ioqueue.o
                0x00000000c0005583                ioqueue_init
                0x00000000c00055f7                ioq_full
                0x00000000c0005656                ioq_empty
                0x00000000c0005760                ioq_getchar
                0x00000000c000582c                ioq_putchar
 .text          0x00000000c00058fb      0x1b2 build/tss.o
                0x00000000c00058fb                update_tss_esp
                0x00000000c000598c                tss_init
 .text          0x00000000c0005aad      0x3df build/process.o
                0x00000000c0005aad                start_process
                0x00000000c0005bc1                page_dir_activate
                0x00000000c0005c06                process_activate
                0x00000000c0005c69                create_page_dir
                0x00000000c0005cf5                create_user_vaddr_bitmap
                0x00000000c0005d4e                process_execute
 .text          0x00000000c0005e8c      0x36c build/syscall.o
                0x00000000c0005e8c                getpid
                0x00000000c0005eab                write
                0x00000000c0005ed7                malloc
                0x00000000c0005eff                free
                0x00000000c0005f25                fork
                0x00000000c0005f44                read
                0x00000000c0005f70                putchar
                0x00000000c0005f9d                clear
                0x00000000c0005fba                getcwd
                0x00000000c0005fe5                open
                0x00000000c0006017                close
                0x00000000c000603f                lseek
                0x00000000c0006072                unlink
                0x00000000c000609a                mkdir
                0x00000000c00060c2                opendir
                0x00000000c00060ea                closedir
                0x00000000c0006112                rmdir
                0x00000000c000613a                readdir
                0x00000000c0006162                rewinddir
                0x00000000c0006188                stat
                0x00000000c00061b3                chdir
                0x00000000c00061db                ps
 .text          0x00000000c00061f8      0x166 build/syscall-init.o
                0x00000000c00061f8                sys_getpid
                0x00000000c000621a                syscall_init
 .text          0x00000000c000635e      0x2e5 build/stdio.o
                0x00000000c00063ef                vsprintf
                0x00000000c0006581                sprintf
                0x00000000c00065bb                printf
 .text          0x00000000c0006643      0xefd build/ide.o
                0x00000000c00069ce                ide_read
                0x00000000c0006b63                ide_write
                0x00000000c000721a                intr_hd_handler
                0x00000000c00072f2                ide_init
 .text          0x00000000c0007540       0x74 build/stdio-kernel.o
                0x00000000c0007540                printk
 .text          0x00000000c00075b4     0x22ff build/fs.o
                0x00000000c0007c61                path_parse
                0x00000000c0007cc7                path_depth_cnt
                0x00000000c000800e                sys_open
                0x00000000c00082f0                sys_close
                0x00000000c000835f                filesys_init
                0x00000000c0008586                sys_write
                0x00000000c000868e                sys_read
                0x00000000c000878c                sys_lseek
                0x00000000c0008896                sys_unlink
                0x00000000c0008af0                sys_mkdir
                0x00000000c0008f0e                sys_opendir
                0x00000000c0009039                sys_closedir
                0x00000000c0009076                sys_readdir
                0x00000000c00090c3                sys_rewinddir
                0x00000000c00090dd                sys_rmdir
                0x00000000c00094b4                sys_getcwd
                0x00000000c00096ab                sys_chdir
                0x00000000c000973c                sys_stat
                0x00000000c0009881                sys_putchar
 .text          0x00000000c00098b3      0x7bc build/inode.o
                0x00000000c0009963                inode_sync
                0x00000000c0009a9f                inode_open
                0x00000000c0009bf4                inode_close
                0x00000000c0009c7f                inode_init
                0x00000000c0009ce0                inode_delete
                0x00000000c0009e0d                inode_release
 .text          0x00000000c000a06f     0x1348 build/file.o
                0x00000000c000a06f                get_free_slot_in_global
                0x00000000c000a0da                pcb_fd_install
                0x00000000c000a14e                inode_bitmap_alloc
                0x00000000c000a1a4                block_bitmap_alloc
                0x00000000c000a205                bitmap_sync
                0x00000000c000a338                file_create
                0x00000000c000a60d                file_open
                0x00000000c000a74b                file_close
                0x00000000c000a79e                file_write
                0x00000000c000afd6                file_read
 .text          0x00000000c000b3b7      0xf66 build/dir.o
                0x00000000c000b3b7                open_root_dir
                0x00000000c000b3f7                dir_open
                0x00000000c000b444                search_dir_entry
                0x00000000c000b62d                dir_close
                0x00000000c000b671                create_dir_entry
                0x00000000c000b6f5                sync_dir_entry
                0x00000000c000bb61                delete_dir_entry
                0x00000000c000c001                dir_read
                0x00000000c000c205                dir_is_empty
                0x00000000c000c23d                dir_remove
 .text          0x00000000c000c31d      0x55a build/fork.o
                0x00000000c000c72c                sys_fork
 .text          0x00000000c000c877      0x56b build/shell.o
                0x00000000c000c877                print_prompt
                0x00000000c000caee                my_shell
 .text          0x00000000c000cde2       0x33 build/assert.o
                0x00000000c000cde2                user_spin
 .text          0x00000000c000ce15      0x9f8 build/builtin_cmd.o
                0x00000000c000cfa4                make_clear_abs_path
                0x00000000c000d077                builtin_pwd
                0x00000000c000d0f0                builtin_cd
                0x00000000c000d199                builtin_ls
                0x00000000c000d594                builtin_ps
                0x00000000c000d5cd                builtin_clear
                0x00000000c000d606                builtin_mkdir
                0x00000000c000d6b3                builtin_rmdir
                0x00000000c000d760                builtin_rm
 *(.gnu.warning)

.fini
 *(SORT_NONE(.fini))
                [!provide]                        PROVIDE (__etext = .)
                [!provide]                        PROVIDE (_etext = .)
                [!provide]                        PROVIDE (etext = .)
                0x00000000c000e000                . = ALIGN (CONSTANT (MAXPAGESIZE))
                0x00000000c000e000                . = SEGMENT_START ("rodata-segment", (ALIGN (CONSTANT (MAXPAGESIZE)) + (. & (CONSTANT (MAXPAGESIZE) - 0x1))))

.rodata         0x00000000c000e000     0x264a
 *(.rodata .rodata.* .gnu.linkonce.r.*)
 .rodata        0x00000000c000e000       0x23 build/main.o
 .rodata        0x00000000c000e023        0xa build/init.o
 *fill*         0x00000000c000e02d        0x3 
 .rodata        0x00000000c000e030      0x2cd build/interrupt.o
 *fill*         0x00000000c000e2fd        0x3 
 .rodata        0x00000000c000e300       0x88 build/timer.o
 .rodata        0x00000000c000e388       0x3b build/debug.o
 *fill*         0x00000000c000e3c3        0x1 
 .rodata        0x00000000c000e3c4      0x3b9 build/memory.o
 *fill*         0x00000000c000e77d        0x3 
 .rodata        0x00000000c000e780       0x6b build/bitmap.o
 *fill*         0x00000000c000e7eb        0x1 
 .rodata        0x00000000c000e7ec       0xc4 build/string.o
 .rodata        0x00000000c000e8b0      0x389 build/thread.o
 *fill*         0x00000000c000ec39        0x3 
 .rodata        0x00000000c000ec3c      0x135 build/sync.o
 .rodata        0x00000000c000ed71       0x36 build/keyboard.o
 *fill*         0x00000000c000eda7        0x1 
 .rodata        0x00000000c000eda8       0xa8 build/ioqueue.o
 .rodata        0x00000000c000ee50       0x27 build/tss.o
 *fill*         0x00000000c000ee77        0x1 
 .rodata        0x00000000c000ee78       0xe0 build/process.o
 .rodata        0x00000000c000ef58       0x27 build/syscall-init.o
 *fill*         0x00000000c000ef7f        0x1 
 .rodata        0x00000000c000ef80      0x201 build/ide.o
 *fill*         0x00000000c000f181        0x3 
 .rodata        0x00000000c000f184      0x843 build/fs.o
 *fill*         0x00000000c000f9c7        0x1 
 .rodata        0x00000000c000f9c8       0xc2 build/inode.o
 *fill*         0x00000000c000fa8a        0x2 
 .rodata        0x00000000c000fa8c      0x436 build/file.o
 *fill*         0x00000000c000fec2        0x2 
 .rodata        0x00000000c000fec4      0x20f build/dir.o
 *fill*         0x00000000c00100d3        0x1 
 .rodata        0x00000000c00100d4      0x109 build/fork.o
 *fill*         0x00000000c00101dd        0x3 
 .rodata        0x00000000c00101e0      0x136 build/shell.o
 *fill*         0x00000000c0010316        0x2 
 .rodata        0x00000000c0010318       0x32 build/assert.o
 *fill*         0x00000000c001034a        0x2 
 .rodata        0x00000000c001034c      0x2fe build/builtin_cmd.o

.rodata1
 *(.rodata1)

.eh_frame_hdr
 *(.eh_frame_hdr)
 *(.eh_frame_entry .eh_frame_entry.*)

.eh_frame       0x00000000c001064c     0x21a8
 *(.eh_frame)
 .eh_frame      0x00000000c001064c       0x70 build/main.o
 .eh_frame      0x00000000c00106bc       0x24 build/init.o
                                         0x50 (size before relaxing)
 .eh_frame      0x00000000c00106e0      0x1ac build/interrupt.o
                                        0x1d8 (size before relaxing)
 .eh_frame      0x00000000c001088c       0xf0 build/timer.o
                                        0x130 (size before relaxing)
 .eh_frame      0x00000000c001097c       0x1c build/debug.o
                                         0x48 (size before relaxing)
 .eh_frame      0x00000000c0010998      0x300 build/memory.o
                                        0x340 (size before relaxing)
 .eh_frame      0x00000000c0010c98       0x90 build/bitmap.o
                                         0xbc (size before relaxing)
 .eh_frame      0x00000000c0010d28      0x168 build/string.o
                                        0x194 (size before relaxing)
 .eh_frame      0x00000000c0010e90      0x264 build/thread.o
                                        0x2a4 (size before relaxing)
 .eh_frame      0x00000000c00110f4      0x148 build/list.o
                                        0x188 (size before relaxing)
 .eh_frame      0x00000000c001123c       0xdc build/sync.o
                                        0x11c (size before relaxing)
 .eh_frame      0x00000000c0011318       0xd8 build/console.o
                                        0x118 (size before relaxing)
 .eh_frame      0x00000000c00113f0       0x68 build/keyboard.o
                                         0xa8 (size before relaxing)
 .eh_frame      0x00000000c0011458      0x11c build/ioqueue.o
                                        0x15c (size before relaxing)
 .eh_frame      0x00000000c0011574       0x6c build/tss.o
                                         0xac (size before relaxing)
 .eh_frame      0x00000000c00115e0       0xd8 build/process.o
                                        0x118 (size before relaxing)
 .eh_frame      0x00000000c00116b8      0x308 build/syscall.o
                                        0x334 (size before relaxing)
 .eh_frame      0x00000000c00119c0       0x48 build/syscall-init.o
                                         0x88 (size before relaxing)
 .eh_frame      0x00000000c0011a08       0x90 build/stdio.o
                                         0xd0 (size before relaxing)
 .eh_frame      0x00000000c0011a98      0x27c build/ide.o
                                        0x2bc (size before relaxing)
 .eh_frame      0x00000000c0011d14       0x28 build/stdio-kernel.o
                                         0x54 (size before relaxing)
 .eh_frame      0x00000000c0011d3c      0x3b0 build/fs.o
                                        0x3f0 (size before relaxing)
 .eh_frame      0x00000000c00120ec      0x100 build/inode.o
                                        0x140 (size before relaxing)
 .eh_frame      0x00000000c00121ec      0x19c build/file.o
                                        0x1f0 (size before relaxing)
 .eh_frame      0x00000000c0012388      0x17c build/dir.o
                                        0x1bc (size before relaxing)
 .eh_frame      0x00000000c0012504       0xd4 build/fork.o
                                        0x114 (size before relaxing)
 .eh_frame      0x00000000c00125d8       0x88 build/shell.o
                                         0xc8 (size before relaxing)
 .eh_frame      0x00000000c0012660       0x1c build/assert.o
                                         0x48 (size before relaxing)
 .eh_frame      0x00000000c001267c      0x178 build/builtin_cmd.o
                                        0x1b8 (size before relaxing)
 *(.eh_frame.*)

.gcc_except_table
 *(.gcc_except_table .gcc_except_table.*)

.gnu_extab
 *(.gnu_extab*)

.exception_ranges
 *(.exception_ranges*)
                0x00000000c0014000                . = DATA_SEGMENT_ALIGN (CONSTANT (MAXPAGESIZE), CONSTANT (COMMONPAGESIZE))

.eh_frame
 *(.eh_frame)
 *(.eh_frame.*)

.gnu_extab
 *(.gnu_extab)

.gcc_except_table
 *(.gcc_except_table .gcc_except_table.*)

.exception_ranges
 *(.exception_ranges*)

.tdata          0x00000000c0014000        0x0
                [!provide]                        PROVIDE (__tdata_start = .)
 *(.tdata .tdata.* .gnu.linkonce.td.*)

.tbss
 *(.tbss .tbss.* .gnu.linkonce.tb.*)
 *(.tcommon)

.preinit_array  0x00000000c0014000        0x0
                [!provide]                        PROVIDE (__preinit_array_start = .)
 *(.preinit_array)
                [!provide]                        PROVIDE (__preinit_array_end = .)

.init_array     0x00000000c0014000        0x0
                [!provide]                        PROVIDE (__init_array_start = .)
 *(SORT_BY_INIT_PRIORITY(.init_array.*) SORT_BY_INIT_PRIORITY(.ctors.*))
 *(.init_array EXCLUDE_FILE(*crtend?.o *crtend.o *crtbegin?.o *crtbegin.o) .ctors)
                [!provide]                        PROVIDE (__init_array_end = .)

.fini_array     0x00000000c0014000        0x0
                [!provide]                        PROVIDE (__fini_array_start = .)
 *(SORT_BY_INIT_PRIORITY(.fini_array.*) SORT_BY_INIT_PRIORITY(.dtors.*))
 *(.fini_array EXCLUDE_FILE(*crtend?.o *crtend.o *crtbegin?.o *crtbegin.o) .dtors)
                [!provide]                        PROVIDE (__fini_array_end = .)

.ctors
 *crtbegin.o(.ctors)
 *crtbegin?.o(.ctors)
 *(EXCLUDE_FILE(*crtend?.o *crtend.o) .ctors)
 *(SORT_BY_NAME(.ctors.*))
 *(.ctors)

.dtors
 *crtbegin.o(.dtors)
 *crtbegin?.o(.dtors)
 *(EXCLUDE_FILE(*crtend?.o *crtend.o) .dtors)
 *(SORT_BY_NAME(.dtors.*))
 *(.dtors)

.jcr
 *(.jcr)

.data.rel.ro
 *(.data.rel.ro.local* .gnu.linkonce.d.rel.ro.local.*)
 *(.data.rel.ro .data.rel.ro.* .gnu.linkonce.d.rel.ro.*)

.dynamic
 *(.dynamic)

.got            0x00000000c0014000        0x0
 *(.got)
 .got           0x00000000c0014000        0x0 build/main.o
 *(.igot)
                0x00000000c0014ff4                . = DATA_SEGMENT_RELRO_END (., (SIZEOF (.got.plt) >= 0xc)?0xc:0x0)

.got.plt        0x00000000c0014000        0xc
 *(.got.plt)
 .got.plt       0x00000000c0014000        0xc build/main.o
                0x00000000c0014000                _GLOBAL_OFFSET_TABLE_
 *(.igot.plt)
 .igot.plt      0x00000000c001400c        0x0 build/main.o

.data           0x00000000c0014020      0x15c
 *(.data .data.* .gnu.linkonce.d.*)
 .data          0x00000000c0014020        0x0 build/main.o
 .data          0x00000000c0014020        0x0 build/init.o
 .data          0x00000000c0014020        0x0 build/interrupt.o
 .data          0x00000000c0014020        0x0 build/timer.o
 .data          0x00000000c0014020       0xc0 build/kernel.o
                0x00000000c0014020                intr_entry_table
 .data          0x00000000c00140e0        0x8 build/print.o
 .data          0x00000000c00140e8        0x0 build/debug.o
 .data          0x00000000c00140e8        0x0 build/memory.o
 .data          0x00000000c00140e8        0x0 build/bitmap.o
 .data          0x00000000c00140e8        0x0 build/string.o
 .data          0x00000000c00140e8        0x0 build/thread.o
 .data          0x00000000c00140e8        0x0 build/list.o
 .data          0x00000000c00140e8        0x0 build/sync.o
 .data          0x00000000c00140e8        0x0 build/console.o
 *fill*         0x00000000c00140e8       0x18 
 .data          0x00000000c0014100       0x76 build/keyboard.o
 .data          0x00000000c0014176        0x0 build/ioqueue.o
 .data          0x00000000c0014176        0x0 build/tss.o
 .data          0x00000000c0014176        0x0 build/process.o
 .data          0x00000000c0014176        0x0 build/syscall.o
 .data          0x00000000c0014176        0x0 build/syscall-init.o
 .data          0x00000000c0014176        0x0 build/stdio.o
 .data          0x00000000c0014176        0x0 build/ide.o
 .data          0x00000000c0014176        0x0 build/stdio-kernel.o
 .data          0x00000000c0014176        0x0 build/fs.o
 .data          0x00000000c0014176        0x0 build/inode.o
 .data          0x00000000c0014176        0x0 build/file.o
 .data          0x00000000c0014176        0x0 build/dir.o
 .data          0x00000000c0014176        0x0 build/fork.o
 *fill*         0x00000000c0014176        0x2 
 .data          0x00000000c0014178        0x4 build/shell.o
                0x00000000c0014178                argc
 .data          0x00000000c001417c        0x0 build/assert.o
 .data          0x00000000c001417c        0x0 build/builtin_cmd.o

.data1
 *(.data1)
                0x00000000c001417c                _edata = .
                [!provide]                        PROVIDE (edata = .)
                0x00000000c001417c                . = .
                0x00000000c001417c                __bss_start = .

.bss            0x00000000c0014180     0x1f20
 *(.dynbss)
 *(.bss .bss.* .gnu.linkonce.b.*)
 .bss           0x00000000c0014180        0x0 build/main.o
 .bss           0x00000000c0014180        0x0 build/init.o
 .bss           0x00000000c0014180      0x848 build/interrupt.o
                0x00000000c0014180                intr_name
                0x00000000c00143a0                idt_table
 .bss           0x00000000c00149c8        0x4 build/timer.o
                0x00000000c00149c8                ticks
 .bss           0x00000000c00149cc        0x0 build/debug.o
 *fill*         0x00000000c00149cc       0x14 
 .bss           0x00000000c00149e0      0x138 build/memory.o
                0x00000000c00149e0                k_block_descs
                0x00000000c0014aa0                kernel_pool
                0x00000000c0014ae0                user_pool
                0x00000000c0014b0c                kernel_vaddr
 .bss           0x00000000c0014b18        0x0 build/bitmap.o
 .bss           0x00000000c0014b18        0x0 build/string.o
 .bss           0x00000000c0014b18       0x4a build/thread.o
                0x00000000c0014b18                idle_thread
                0x00000000c0014b1c                main_thread
                0x00000000c0014b20                pid_lock
                0x00000000c0014b3c                thread_ready_list
                0x00000000c0014b4c                thread_all_list
 .bss           0x00000000c0014b62        0x0 build/list.o
 .bss           0x00000000c0014b62        0x0 build/sync.o
 *fill*         0x00000000c0014b62        0x2 
 .bss           0x00000000c0014b64       0x1c build/console.o
 .bss           0x00000000c0014b80       0x80 build/keyboard.o
                0x00000000c0014b80                kbd_buf
 .bss           0x00000000c0014c00        0x0 build/ioqueue.o
 .bss           0x00000000c0014c00       0x6c build/tss.o
 .bss           0x00000000c0014c6c        0x0 build/process.o
 .bss           0x00000000c0014c6c        0x0 build/syscall.o
 *fill*         0x00000000c0014c6c       0x14 
 .bss           0x00000000c0014c80       0x80 build/syscall-init.o
                0x00000000c0014c80                syscall_table
 .bss           0x00000000c0014d00        0x0 build/stdio.o
 .bss           0x00000000c0014d00      0xcf8 build/ide.o
                0x00000000c0014d00                channel_cnt
                0x00000000c0014d20                channels
                0x00000000c00159e0                ext_lba_base
                0x00000000c00159e4                p_no
                0x00000000c00159e5                l_no
                0x00000000c00159e8                partition_list
 .bss           0x00000000c00159f8        0x0 build/stdio-kernel.o
 .bss           0x00000000c00159f8        0x4 build/fs.o
                0x00000000c00159f8                cur_part
 .bss           0x00000000c00159fc        0x0 build/inode.o
 *fill*         0x00000000c00159fc        0x4 
 .bss           0x00000000c0015a00      0x180 build/file.o
                0x00000000c0015a00                file_table
 .bss           0x00000000c0015b80      0x208 build/dir.o
                0x00000000c0015b80                root_dir
 .bss           0x00000000c0015d88        0x0 build/fork.o
 *fill*         0x00000000c0015d88       0x18 
 .bss           0x00000000c0015da0      0x300 build/shell.o
                0x00000000c0015da0                final_path
                0x00000000c0015fa0                cwd_cache
                0x00000000c0015fe0                argv
 .bss           0x00000000c00160a0        0x0 build/assert.o
 .bss           0x00000000c00160a0        0x0 build/builtin_cmd.o
 *(COMMON)
                0x00000000c00160a0                . = ALIGN ((. != 0x0)?0x4:0x1)
                0x00000000c00160a0                . = ALIGN (0x4)
                0x00000000c00160a0                . = SEGMENT_START ("ldata-segment", .)
                0x00000000c00160a0                . = ALIGN (0x4)
                0x00000000c00160a0                _end = .
                [!provide]                        PROVIDE (end = .)
                0x00000000c00160a0                . = DATA_SEGMENT_END (.)

.stab
 *(.stab)

.stabstr
 *(.stabstr)

.stab.excl
 *(.stab.excl)

.stab.exclstr
 *(.stab.exclstr)

.stab.index
 *(.stab.index)

.stab.indexstr
 *(.stab.indexstr)

.comment        0x0000000000000000       0x2b
 *(.comment)
 .comment       0x0000000000000000       0x2b build/main.o
                                         0x2c (size before relaxing)
 .comment       0x000000000000002b       0x2c build/init.o
 .comment       0x000000000000002b       0x2c build/interrupt.o
 .comment       0x000000000000002b       0x2c build/timer.o
 .comment       0x000000000000002b       0x2c build/debug.o
 .comment       0x000000000000002b       0x2c build/memory.o
 .comment       0x000000000000002b       0x2c build/bitmap.o
 .comment       0x000000000000002b       0x2c build/string.o
 .comment       0x000000000000002b       0x2c build/thread.o
 .comment       0x000000000000002b       0x2c build/list.o
 .comment       0x000000000000002b       0x2c build/sync.o
 .comment       0x000000000000002b       0x2c build/console.o
 .comment       0x000000000000002b       0x2c build/keyboard.o
 .comment       0x000000000000002b       0x2c build/ioqueue.o
 .comment       0x000000000000002b       0x2c build/tss.o
 .comment       0x000000000000002b       0x2c build/process.o
 .comment       0x000000000000002b       0x2c build/syscall.o
 .comment       0x000000000000002b       0x2c build/syscall-init.o
 .comment       0x000000000000002b       0x2c build/stdio.o
 .comment       0x000000000000002b       0x2c build/ide.o
 .comment       0x000000000000002b       0x2c build/stdio-kernel.o
 .comment       0x000000000000002b       0x2c build/fs.o
 .comment       0x000000000000002b       0x2c build/inode.o
 .comment       0x000000000000002b       0x2c build/file.o
 .comment       0x000000000000002b       0x2c build/dir.o
 .comment       0x000000000000002b       0x2c build/fork.o
 .comment       0x000000000000002b       0x2c build/shell.o
 .comment       0x000000000000002b       0x2c build/assert.o
 .comment       0x000000000000002b       0x2c build/builtin_cmd.o

.gnu.build.attributes
 *(.gnu.build.attributes .gnu.build.attributes.*)

.debug
 *(.debug)

.line
 *(.line)

.debug_srcinfo
 *(.debug_srcinfo)

.debug_sfnames
 *(.debug_sfnames)

.debug_aranges
 *(.debug_aranges)

.debug_pubnames
 *(.debug_pubnames)

.debug_info
 *(.debug_info .gnu.linkonce.wi.*)

.debug_abbrev
 *(.debug_abbrev)

.debug_line
 *(.debug_line .debug_line.* .debug_line_end)

.debug_frame
 *(.debug_frame)

.debug_str
 *(.debug_str)

.debug_loc
 *(.debug_loc)

.debug_macinfo
 *(.debug_macinfo)

.debug_weaknames
 *(.debug_weaknames)

.debug_funcnames
 *(.debug_funcnames)

.debug_typenames
 *(.debug_typenames)

.debug_varnames
 *(.debug_varnames)

.debug_pubtypes
 *(.debug_pubtypes)

.debug_ranges
 *(.debug_ranges)

.debug_addr
 *(.debug_addr)

.debug_line_str
 *(.debug_line_str)

.debug_loclists
 *(.debug_loclists)

.debug_macro
 *(.debug_macro)

.debug_names
 *(.debug_names)

.debug_rnglists
 *(.debug_rnglists)

.debug_str_offsets
 *(.debug_str_offsets)

.debug_sup
 *(.debug_sup)

.gnu.attributes
 *(.gnu.attributes)

/DISCARD/
 *(.note.GNU-stack)
 *(.gnu_debuglink)
 *(.gnu.lto_*)
OUTPUT(build/kernel.bin elf32-i386)
