
Discarded input sections

 .group         0x0000000000000000        0x8 build/main.o
 .note.GNU-stack
                0x0000000000000000        0x0 build/main.o
 .group         0x0000000000000000        0x8 build/init.o
 .text.__x86.get_pc_thunk.bx
                0x0000000000000000        0x4 build/init.o
 .note.GNU-stack
                0x0000000000000000        0x0 build/init.o
 .group         0x0000000000000000        0x8 build/interrupt.o
 .group         0x0000000000000000        0x8 build/interrupt.o
 .text.__x86.get_pc_thunk.bx
                0x0000000000000000        0x4 build/interrupt.o
 .note.GNU-stack
                0x0000000000000000        0x0 build/interrupt.o
 .group         0x0000000000000000        0x8 build/timer.o
 .group         0x0000000000000000        0x8 build/timer.o
 .text.__x86.get_pc_thunk.ax
                0x0000000000000000        0x4 build/timer.o
 .text.__x86.get_pc_thunk.bx
                0x0000000000000000        0x4 build/timer.o
 .note.GNU-stack
                0x0000000000000000        0x0 build/timer.o
 .group         0x0000000000000000        0x8 build/debug.o
 .text.__x86.get_pc_thunk.bx
                0x0000000000000000        0x4 build/debug.o
 .note.GNU-stack
                0x0000000000000000        0x0 build/debug.o
 .group         0x0000000000000000        0x8 build/memory.o
 .group         0x0000000000000000        0x8 build/memory.o
 .text.__x86.get_pc_thunk.ax
                0x0000000000000000        0x4 build/memory.o
 .text.__x86.get_pc_thunk.bx
                0x0000000000000000        0x4 build/memory.o
 .note.GNU-stack
                0x0000000000000000        0x0 build/memory.o
 .group         0x0000000000000000        0x8 build/bitmap.o
 .text.__x86.get_pc_thunk.ax
                0x0000000000000000        0x4 build/bitmap.o
 .note.GNU-stack
                0x0000000000000000        0x0 build/bitmap.o
 .group         0x0000000000000000        0x8 build/string.o
 .text.__x86.get_pc_thunk.ax
                0x0000000000000000        0x4 build/string.o
 .note.GNU-stack
                0x0000000000000000        0x0 build/string.o
 .group         0x0000000000000000        0x8 build/thread.o
 .group         0x0000000000000000        0x8 build/thread.o
 .group         0x0000000000000000        0x8 build/thread.o
 .text.__x86.get_pc_thunk.ax
                0x0000000000000000        0x4 build/thread.o
 .text.__x86.get_pc_thunk.bx
                0x0000000000000000        0x4 build/thread.o
 .note.GNU-stack
                0x0000000000000000        0x0 build/thread.o
 .group         0x0000000000000000        0x8 build/list.o
 .group         0x0000000000000000        0x8 build/list.o
 .text.__x86.get_pc_thunk.ax
                0x0000000000000000        0x4 build/list.o
 .text.__x86.get_pc_thunk.bx
                0x0000000000000000        0x4 build/list.o
 .note.GNU-stack
                0x0000000000000000        0x0 build/list.o
 .group         0x0000000000000000        0x8 build/sync.o
 .group         0x0000000000000000        0x8 build/sync.o
 .text.__x86.get_pc_thunk.ax
                0x0000000000000000        0x4 build/sync.o
 .text.__x86.get_pc_thunk.bx
                0x0000000000000000        0x4 build/sync.o
 .note.GNU-stack
                0x0000000000000000        0x0 build/sync.o
 .group         0x0000000000000000        0x8 build/console.o
 .group         0x0000000000000000        0x8 build/console.o
 .text.__x86.get_pc_thunk.ax
                0x0000000000000000        0x4 build/console.o
 .text.__x86.get_pc_thunk.bx
                0x0000000000000000        0x4 build/console.o
 .note.GNU-stack
                0x0000000000000000        0x0 build/console.o
 .group         0x0000000000000000        0x8 build/keyboard.o
 .group         0x0000000000000000        0x8 build/keyboard.o
 .text.__x86.get_pc_thunk.ax
                0x0000000000000000        0x4 build/keyboard.o
 .text.__x86.get_pc_thunk.bx
                0x0000000000000000        0x4 build/keyboard.o
 .note.GNU-stack
                0x0000000000000000        0x0 build/keyboard.o
 .group         0x0000000000000000        0x8 build/ioqueue.o
 .group         0x0000000000000000        0x8 build/ioqueue.o
 .text.__x86.get_pc_thunk.ax
                0x0000000000000000        0x4 build/ioqueue.o
 .text.__x86.get_pc_thunk.bx
                0x0000000000000000        0x4 build/ioqueue.o
 .note.GNU-stack
                0x0000000000000000        0x0 build/ioqueue.o
 .group         0x0000000000000000        0x8 build/tss.o
 .group         0x0000000000000000        0x8 build/tss.o
 .text.__x86.get_pc_thunk.ax
                0x0000000000000000        0x4 build/tss.o
 .text.__x86.get_pc_thunk.bx
                0x0000000000000000        0x4 build/tss.o
 .note.GNU-stack
                0x0000000000000000        0x0 build/tss.o
 .note.GNU-stack
                0x0000000000000000        0x0 build/process.o

Memory Configuration

Name             Origin             Length             Attributes
*default*        0x0000000000000000 0xffffffffffffffff

Linker script and memory map

Address of section .text set to 0xc0001500
LOAD build/main.o
LOAD build/init.o
LOAD build/interrupt.o
LOAD build/timer.o
LOAD build/kernel.o
LOAD build/print.o
LOAD build/debug.o
LOAD build/memory.o
LOAD build/bitmap.o
LOAD build/string.o
LOAD build/thread.o
LOAD build/list.o
LOAD build/switch.o
LOAD build/sync.o
LOAD build/console.o
LOAD build/keyboard.o
LOAD build/ioqueue.o
LOAD build/tss.o
LOAD build/process.o
                [!provide]                        PROVIDE (__executable_start = SEGMENT_START ("text-segment", 0x8048000))
                0x00000000080480d4                . = (SEGMENT_START ("text-segment", 0x8048000) + SIZEOF_HEADERS)

.interp
 *(.interp)

.note.gnu.build-id
 *(.note.gnu.build-id)

.hash
 *(.hash)

.gnu.hash
 *(.gnu.hash)

.dynsym
 *(.dynsym)

.dynstr
 *(.dynstr)

.gnu.version
 *(.gnu.version)

.gnu.version_d
 *(.gnu.version_d)

.gnu.version_r
 *(.gnu.version_r)

.rel.dyn        0x00000000080480d4        0x0
 *(.rel.init)
 *(.rel.text .rel.text.* .rel.gnu.linkonce.t.*)
 *(.rel.fini)
 *(.rel.rodata .rel.rodata.* .rel.gnu.linkonce.r.*)
 *(.rel.data.rel.ro .rel.data.rel.ro.* .rel.gnu.linkonce.d.rel.ro.*)
 *(.rel.data .rel.data.* .rel.gnu.linkonce.d.*)
 *(.rel.tdata .rel.tdata.* .rel.gnu.linkonce.td.*)
 *(.rel.tbss .rel.tbss.* .rel.gnu.linkonce.tb.*)
 *(.rel.ctors)
 *(.rel.dtors)
 *(.rel.got)
 .rel.got       0x00000000080480d4        0x0 build/main.o
 *(.rel.bss .rel.bss.* .rel.gnu.linkonce.b.*)
 *(.rel.ifunc)

.rel.plt        0x00000000080480d4        0x0
 *(.rel.plt)
                [!provide]                        PROVIDE (__rel_iplt_start = .)
 *(.rel.iplt)
 .rel.iplt      0x00000000080480d4        0x0 build/main.o
                [!provide]                        PROVIDE (__rel_iplt_end = .)

.relr.dyn
 *(.relr.dyn)
                0x0000000008049000                . = ALIGN (CONSTANT (MAXPAGESIZE))

.init
 *(SORT_NONE(.init))

.plt            0x0000000008049000        0x0
 *(.plt)
 *(.iplt)
 .iplt          0x0000000008049000        0x0 build/main.o

.plt.got
 *(.plt.got)

.plt.sec
 *(.plt.sec)

.text           0x00000000c0001500     0x360d
 *(.text.unlikely .text.*_unlikely .text.unlikely.*)
 *(.text.exit .text.exit.*)
 *(.text.startup .text.startup.*)
 *(.text.hot .text.hot.*)
 *(SORT_BY_NAME(.text.sorted.*))
 *(.text .stub .text.* .gnu.linkonce.t.*)
 .text          0x00000000c0001500      0x1a6 build/main.o
                0x00000000c0001500                main
                0x00000000c0001576                k_thread_a
                0x00000000c000160e                k_thread_b
 .text.__x86.get_pc_thunk.bx
                0x00000000c00016a6        0x4 build/main.o
                0x00000000c00016a6                __x86.get_pc_thunk.bx
 .text          0x00000000c00016aa       0x48 build/init.o
                0x00000000c00016aa                init_all
 .text          0x00000000c00016f2      0x509 build/interrupt.o
                0x00000000c0001aa2                intr_enable
                0x00000000c0001ad5                intr_disable
                0x00000000c0001b08                intr_set_status
                0x00000000c0001b30                intr_get_status
                0x00000000c0001b57                register_handler
                0x00000000c0001b7e                idt_init
 .text.__x86.get_pc_thunk.ax
                0x00000000c0001bfb        0x4 build/interrupt.o
                0x00000000c0001bfb                __x86.get_pc_thunk.ax
 .text          0x00000000c0001bff      0x1b6 build/timer.o
                0x00000000c0001d4d                timer_init
 *fill*         0x00000000c0001db5        0xb 
 .text          0x00000000c0001dc0      0x537 build/kernel.o
                0x00000000c0001dc0                intr_exit
 *fill*         0x00000000c00022f7        0x9 
 .text          0x00000000c0002300      0x172 build/print.o
                0x00000000c0002300                put_str
                0x00000000c000231e                put_char
                0x00000000c00023eb                put_int
                0x00000000c000244e                set_cursor
 .text          0x00000000c0002472       0xf4 build/debug.o
                0x00000000c0002472                panic_spin
 .text          0x00000000c0002566      0x8e3 build/memory.o
                0x00000000c0002696                pte_ptr
                0x00000000c00026d0                pde_ptr
                0x00000000c0002891                malloc_page
                0x00000000c0002967                get_kernel_pages
                0x00000000c00029b1                get_user_pages
                0x00000000c0002a19                get_a_page
                0x00000000c0002b9c                addr_v2p
                0x00000000c0002df5                mem_init
 .text          0x00000000c0002e49      0x286 build/bitmap.o
                0x00000000c0002e49                bitmap_init
                0x00000000c0002e7c                bitmap_scan_test
                0x00000000c0002ec5                bitmap_scan
                0x00000000c0003007                bitmap_set
 .text          0x00000000c00030cf      0x4a4 build/string.o
                0x00000000c00030cf                memset
                0x00000000c0003136                memcpy
                0x00000000c00031a9                memcmp
                0x00000000c0003242                strcpy
                0x00000000c00032ad                strlen
                0x00000000c000330a                strcmp
                0x00000000c0003399                strchr
                0x00000000c0003407                strrchr
                0x00000000c000347b                strcat
                0x00000000c00034fb                strchrs
 .text          0x00000000c0003573      0x635 build/thread.o
                0x00000000c0003573                running_thread
                0x00000000c00035be                thread_create
                0x00000000c0003642                init_thread
                0x00000000c00036e5                thread_start
                0x00000000c000387a                schedule
                0x00000000c00039b6                thread_block
                0x00000000c0003a2b                thread_unblock
                0x00000000c0003b43                thread_init
 .text.__x86.get_pc_thunk.dx
                0x00000000c0003ba8        0x4 build/thread.o
                0x00000000c0003ba8                __x86.get_pc_thunk.dx
 .text          0x00000000c0003bac      0x25c build/list.o
                0x00000000c0003bac                list_init
                0x00000000c0003be4                list_insert_before
                0x00000000c0003c38                list_push
                0x00000000c0003c60                list_append
                0x00000000c0003c88                list_remove
                0x00000000c0003cd1                list_pop
                0x00000000c0003cfd                list_empty
                0x00000000c0003d20                list_len
                0x00000000c0003d5f                elem_find
                0x00000000c0003da4                list_traversal
 *fill*         0x00000000c0003e08        0x8 
 .text          0x00000000c0003e10       0x15 build/switch.o
                0x00000000c0003e10                switch_to
 .text          0x00000000c0003e25      0x38f build/sync.o
                0x00000000c0003e25                sema_init
                0x00000000c0003e5f                lock_init
                0x00000000c0003e99                sema_down
                0x00000000c0003fb5                sema_up
                0x00000000c000407f                lock_acquire
                0x00000000c0004105                lock_release
 .text          0x00000000c00041b4      0x119 build/console.o
                0x00000000c00041b4                console_init
                0x00000000c00041df                console_acquire
                0x00000000c000420a                console_release
                0x00000000c0004235                console_put_str
                0x00000000c0004265                console_put_char
                0x00000000c000429d                console_put_int
 .text          0x00000000c00042cd      0x316 build/keyboard.o
                0x00000000c0004581                keyboard_init
 .text          0x00000000c00045e3      0x378 build/ioqueue.o
                0x00000000c00045e3                ioqueue_init
                0x00000000c0004657                ioq_full
                0x00000000c00046b6                ioq_empty
                0x00000000c00047c0                ioq_getchar
                0x00000000c000488c                ioq_putchar
 .text          0x00000000c000495b      0x1b2 build/tss.o
                0x00000000c000495b                update_tss_esp
                0x00000000c00049ec                tss_init
 .text          0x00000000c0004b0d        0x0 build/process.o
 *(.gnu.warning)

.fini
 *(SORT_NONE(.fini))
                [!provide]                        PROVIDE (__etext = .)
                [!provide]                        PROVIDE (_etext = .)
                [!provide]                        PROVIDE (etext = .)
                0x00000000c0005000                . = ALIGN (CONSTANT (MAXPAGESIZE))
                0x00000000c0005000                . = SEGMENT_START ("rodata-segment", (ALIGN (CONSTANT (MAXPAGESIZE)) + (. & (CONSTANT (MAXPAGESIZE) - 0x1))))

.rodata         0x00000000c0005000      0xbbf
 *(.rodata .rodata.* .gnu.linkonce.r.*)
 .rodata        0x00000000c0005000       0x2b build/main.o
 .rodata        0x00000000c000502b        0xa build/init.o
 *fill*         0x00000000c0005035        0x3 
 .rodata        0x00000000c0005038      0x2cd build/interrupt.o
 *fill*         0x00000000c0005305        0x3 
 .rodata        0x00000000c0005308       0x6b build/timer.o
 .rodata        0x00000000c0005373       0x3b build/debug.o
 *fill*         0x00000000c00053ae        0x2 
 .rodata        0x00000000c00053b0      0x1d7 build/memory.o
 *fill*         0x00000000c0005587        0x1 
 .rodata        0x00000000c0005588       0x6b build/bitmap.o
 *fill*         0x00000000c00055f3        0x1 
 .rodata        0x00000000c00055f4       0xc4 build/string.o
 .rodata        0x00000000c00056b8      0x2cb build/thread.o
 *fill*         0x00000000c0005983        0x1 
 .rodata        0x00000000c0005984      0x135 build/sync.o
 .rodata        0x00000000c0005ab9       0x36 build/keyboard.o
 *fill*         0x00000000c0005aef        0x1 
 .rodata        0x00000000c0005af0       0xa8 build/ioqueue.o
 .rodata        0x00000000c0005b98       0x27 build/tss.o

.rodata1
 *(.rodata1)

.eh_frame_hdr
 *(.eh_frame_hdr)
 *(.eh_frame_entry .eh_frame_entry.*)

.eh_frame       0x00000000c0005bc0      0xd08
 *(.eh_frame)
 .eh_frame      0x00000000c0005bc0       0x8c build/main.o
 .eh_frame      0x00000000c0005c4c       0x24 build/init.o
                                         0x50 (size before relaxing)
 .eh_frame      0x00000000c0005c70      0x1ac build/interrupt.o
                                        0x1d8 (size before relaxing)
 .eh_frame      0x00000000c0005e1c       0x94 build/timer.o
                                         0xd4 (size before relaxing)
 .eh_frame      0x00000000c0005eb0       0x1c build/debug.o
                                         0x48 (size before relaxing)
 .eh_frame      0x00000000c0005ecc      0x1a4 build/memory.o
                                        0x1e4 (size before relaxing)
 .eh_frame      0x00000000c0006070       0x90 build/bitmap.o
                                         0xbc (size before relaxing)
 .eh_frame      0x00000000c0006100      0x168 build/string.o
                                        0x194 (size before relaxing)
 .eh_frame      0x00000000c0006268      0x174 build/thread.o
                                        0x1b4 (size before relaxing)
 .eh_frame      0x00000000c00063dc      0x148 build/list.o
                                        0x188 (size before relaxing)
 .eh_frame      0x00000000c0006524       0xdc build/sync.o
                                        0x11c (size before relaxing)
 .eh_frame      0x00000000c0006600       0xd8 build/console.o
                                        0x118 (size before relaxing)
 .eh_frame      0x00000000c00066d8       0x68 build/keyboard.o
                                         0xa8 (size before relaxing)
 .eh_frame      0x00000000c0006740      0x11c build/ioqueue.o
                                        0x15c (size before relaxing)
 .eh_frame      0x00000000c000685c       0x6c build/tss.o
                                         0xac (size before relaxing)
 *(.eh_frame.*)

.gcc_except_table
 *(.gcc_except_table .gcc_except_table.*)

.gnu_extab
 *(.gnu_extab*)

.exception_ranges
 *(.exception_ranges*)
                0x00000000c0008000                . = DATA_SEGMENT_ALIGN (CONSTANT (MAXPAGESIZE), CONSTANT (COMMONPAGESIZE))

.eh_frame
 *(.eh_frame)
 *(.eh_frame.*)

.gnu_extab
 *(.gnu_extab)

.gcc_except_table
 *(.gcc_except_table .gcc_except_table.*)

.exception_ranges
 *(.exception_ranges*)

.tdata          0x00000000c0008000        0x0
                [!provide]                        PROVIDE (__tdata_start = .)
 *(.tdata .tdata.* .gnu.linkonce.td.*)

.tbss
 *(.tbss .tbss.* .gnu.linkonce.tb.*)
 *(.tcommon)

.preinit_array  0x00000000c0008000        0x0
                [!provide]                        PROVIDE (__preinit_array_start = .)
 *(.preinit_array)
                [!provide]                        PROVIDE (__preinit_array_end = .)

.init_array     0x00000000c0008000        0x0
                [!provide]                        PROVIDE (__init_array_start = .)
 *(SORT_BY_INIT_PRIORITY(.init_array.*) SORT_BY_INIT_PRIORITY(.ctors.*))
 *(.init_array EXCLUDE_FILE(*crtend?.o *crtend.o *crtbegin?.o *crtbegin.o) .ctors)
                [!provide]                        PROVIDE (__init_array_end = .)

.fini_array     0x00000000c0008000        0x0
                [!provide]                        PROVIDE (__fini_array_start = .)
 *(SORT_BY_INIT_PRIORITY(.fini_array.*) SORT_BY_INIT_PRIORITY(.dtors.*))
 *(.fini_array EXCLUDE_FILE(*crtend?.o *crtend.o *crtbegin?.o *crtbegin.o) .dtors)
                [!provide]                        PROVIDE (__fini_array_end = .)

.ctors
 *crtbegin.o(.ctors)
 *crtbegin?.o(.ctors)
 *(EXCLUDE_FILE(*crtend?.o *crtend.o) .ctors)
 *(SORT_BY_NAME(.ctors.*))
 *(.ctors)

.dtors
 *crtbegin.o(.dtors)
 *crtbegin?.o(.dtors)
 *(EXCLUDE_FILE(*crtend?.o *crtend.o) .dtors)
 *(SORT_BY_NAME(.dtors.*))
 *(.dtors)

.jcr
 *(.jcr)

.data.rel.ro
 *(.data.rel.ro.local* .gnu.linkonce.d.rel.ro.local.*)
 *(.data.rel.ro .data.rel.ro.* .gnu.linkonce.d.rel.ro.*)

.dynamic
 *(.dynamic)

.got            0x00000000c0008000        0x0
 *(.got)
 .got           0x00000000c0008000        0x0 build/main.o
 *(.igot)
                0x00000000c0008ff4                . = DATA_SEGMENT_RELRO_END (., (SIZEOF (.got.plt) >= 0xc)?0xc:0x0)

.got.plt        0x00000000c0008000        0xc
 *(.got.plt)
 .got.plt       0x00000000c0008000        0xc build/main.o
                0x00000000c0008000                _GLOBAL_OFFSET_TABLE_
 *(.igot.plt)
 .igot.plt      0x00000000c000800c        0x0 build/main.o

.data           0x00000000c0008020      0x156
 *(.data .data.* .gnu.linkonce.d.*)
 .data          0x00000000c0008020        0x0 build/main.o
 .data          0x00000000c0008020        0x0 build/init.o
 .data          0x00000000c0008020        0x0 build/interrupt.o
 .data          0x00000000c0008020        0x0 build/timer.o
 .data          0x00000000c0008020       0xc0 build/kernel.o
                0x00000000c0008020                intr_entry_table
 .data          0x00000000c00080e0        0x8 build/print.o
 .data          0x00000000c00080e8        0x0 build/debug.o
 .data          0x00000000c00080e8        0x0 build/memory.o
 .data          0x00000000c00080e8        0x0 build/bitmap.o
 .data          0x00000000c00080e8        0x0 build/string.o
 .data          0x00000000c00080e8        0x0 build/thread.o
 .data          0x00000000c00080e8        0x0 build/list.o
 .data          0x00000000c00080e8        0x0 build/sync.o
 .data          0x00000000c00080e8        0x0 build/console.o
 *fill*         0x00000000c00080e8       0x18 
 .data          0x00000000c0008100       0x76 build/keyboard.o
 .data          0x00000000c0008176        0x0 build/ioqueue.o
 .data          0x00000000c0008176        0x0 build/tss.o
 .data          0x00000000c0008176        0x0 build/process.o

.data1
 *(.data1)
                0x00000000c0008176                _edata = .
                [!provide]                        PROVIDE (edata = .)
                0x00000000c0008176                . = .
                0x00000000c0008176                __bss_start = .

.bss            0x00000000c0008180      0x4cc
 *(.dynbss)
 *(.bss .bss.* .gnu.linkonce.b.*)
 .bss           0x00000000c0008180        0x0 build/main.o
 .bss           0x00000000c0008180        0x0 build/init.o
 .bss           0x00000000c0008180      0x300 build/interrupt.o
                0x00000000c0008180                intr_name
                0x00000000c0008240                idt_table
 .bss           0x00000000c0008480        0x4 build/timer.o
                0x00000000c0008480                ticks
 .bss           0x00000000c0008484        0x0 build/debug.o
 *fill*         0x00000000c0008484       0x1c 
 .bss           0x00000000c00084a0       0x78 build/memory.o
                0x00000000c00084a0                kernel_pool
                0x00000000c00084e0                user_pool
                0x00000000c000850c                kernel_vaddr
 .bss           0x00000000c0008518        0x0 build/bitmap.o
 .bss           0x00000000c0008518        0x0 build/string.o
 .bss           0x00000000c0008518       0x28 build/thread.o
                0x00000000c0008518                main_thread
                0x00000000c000851c                thread_ready_list
                0x00000000c000852c                thread_all_list
 .bss           0x00000000c0008540        0x0 build/list.o
 .bss           0x00000000c0008540        0x0 build/sync.o
 .bss           0x00000000c0008540       0x1c build/console.o
 *fill*         0x00000000c000855c        0x4 
 .bss           0x00000000c0008560       0x80 build/keyboard.o
                0x00000000c0008560                kbd_buf
 .bss           0x00000000c00085e0        0x0 build/ioqueue.o
 .bss           0x00000000c00085e0       0x6c build/tss.o
 .bss           0x00000000c000864c        0x0 build/process.o
 *(COMMON)
                0x00000000c000864c                . = ALIGN ((. != 0x0)?0x4:0x1)
                0x00000000c000864c                . = ALIGN (0x4)
                0x00000000c000864c                . = SEGMENT_START ("ldata-segment", .)
                0x00000000c000864c                . = ALIGN (0x4)
                0x00000000c000864c                _end = .
                [!provide]                        PROVIDE (end = .)
                0x00000000c000864c                . = DATA_SEGMENT_END (.)

.stab
 *(.stab)

.stabstr
 *(.stabstr)

.stab.excl
 *(.stab.excl)

.stab.exclstr
 *(.stab.exclstr)

.stab.index
 *(.stab.index)

.stab.indexstr
 *(.stab.indexstr)

.comment        0x0000000000000000       0x2b
 *(.comment)
 .comment       0x0000000000000000       0x2b build/main.o
                                         0x2c (size before relaxing)
 .comment       0x000000000000002b       0x2c build/init.o
 .comment       0x000000000000002b       0x2c build/interrupt.o
 .comment       0x000000000000002b       0x2c build/timer.o
 .comment       0x000000000000002b       0x2c build/debug.o
 .comment       0x000000000000002b       0x2c build/memory.o
 .comment       0x000000000000002b       0x2c build/bitmap.o
 .comment       0x000000000000002b       0x2c build/string.o
 .comment       0x000000000000002b       0x2c build/thread.o
 .comment       0x000000000000002b       0x2c build/list.o
 .comment       0x000000000000002b       0x2c build/sync.o
 .comment       0x000000000000002b       0x2c build/console.o
 .comment       0x000000000000002b       0x2c build/keyboard.o
 .comment       0x000000000000002b       0x2c build/ioqueue.o
 .comment       0x000000000000002b       0x2c build/tss.o
 .comment       0x000000000000002b       0x2c build/process.o

.gnu.build.attributes
 *(.gnu.build.attributes .gnu.build.attributes.*)

.debug
 *(.debug)

.line
 *(.line)

.debug_srcinfo
 *(.debug_srcinfo)

.debug_sfnames
 *(.debug_sfnames)

.debug_aranges
 *(.debug_aranges)

.debug_pubnames
 *(.debug_pubnames)

.debug_info
 *(.debug_info .gnu.linkonce.wi.*)

.debug_abbrev
 *(.debug_abbrev)

.debug_line
 *(.debug_line .debug_line.* .debug_line_end)

.debug_frame
 *(.debug_frame)

.debug_str
 *(.debug_str)

.debug_loc
 *(.debug_loc)

.debug_macinfo
 *(.debug_macinfo)

.debug_weaknames
 *(.debug_weaknames)

.debug_funcnames
 *(.debug_funcnames)

.debug_typenames
 *(.debug_typenames)

.debug_varnames
 *(.debug_varnames)

.debug_pubtypes
 *(.debug_pubtypes)

.debug_ranges
 *(.debug_ranges)

.debug_addr
 *(.debug_addr)

.debug_line_str
 *(.debug_line_str)

.debug_loclists
 *(.debug_loclists)

.debug_macro
 *(.debug_macro)

.debug_names
 *(.debug_names)

.debug_rnglists
 *(.debug_rnglists)

.debug_str_offsets
 *(.debug_str_offsets)

.debug_sup
 *(.debug_sup)

.gnu.attributes
 *(.gnu.attributes)

/DISCARD/
 *(.note.GNU-stack)
 *(.gnu_debuglink)
 *(.gnu.lto_*)
OUTPUT(build/kernel.bin elf32-i386)
