
Discarded input sections

 .group         0x0000000000000000        0x8 build/main.o
 .note.GNU-stack
                0x0000000000000000        0x0 build/main.o
 .group         0x0000000000000000        0x8 build/init.o
 .text.__x86.get_pc_thunk.bx
                0x0000000000000000        0x4 build/init.o
 .note.GNU-stack
                0x0000000000000000        0x0 build/init.o
 .group         0x0000000000000000        0x8 build/interrupt.o
 .group         0x0000000000000000        0x8 build/interrupt.o
 .text.__x86.get_pc_thunk.bx
                0x0000000000000000        0x4 build/interrupt.o
 .note.GNU-stack
                0x0000000000000000        0x0 build/interrupt.o
 .group         0x0000000000000000        0x8 build/timer.o
 .group         0x0000000000000000        0x8 build/timer.o
 .text.__x86.get_pc_thunk.ax
                0x0000000000000000        0x4 build/timer.o
 .text.__x86.get_pc_thunk.bx
                0x0000000000000000        0x4 build/timer.o
 .note.GNU-stack
                0x0000000000000000        0x0 build/timer.o
 .group         0x0000000000000000        0x8 build/debug.o
 .text.__x86.get_pc_thunk.bx
                0x0000000000000000        0x4 build/debug.o
 .note.GNU-stack
                0x0000000000000000        0x0 build/debug.o
 .group         0x0000000000000000        0x8 build/memory.o
 .group         0x0000000000000000        0x8 build/memory.o
 .text.__x86.get_pc_thunk.ax
                0x0000000000000000        0x4 build/memory.o
 .text.__x86.get_pc_thunk.bx
                0x0000000000000000        0x4 build/memory.o
 .note.GNU-stack
                0x0000000000000000        0x0 build/memory.o
 .group         0x0000000000000000        0x8 build/bitmap.o
 .text.__x86.get_pc_thunk.ax
                0x0000000000000000        0x4 build/bitmap.o
 .note.GNU-stack
                0x0000000000000000        0x0 build/bitmap.o
 .group         0x0000000000000000        0x8 build/string.o
 .text.__x86.get_pc_thunk.ax
                0x0000000000000000        0x4 build/string.o
 .note.GNU-stack
                0x0000000000000000        0x0 build/string.o
 .group         0x0000000000000000        0x8 build/thread.o
 .group         0x0000000000000000        0x8 build/thread.o
 .group         0x0000000000000000        0x8 build/thread.o
 .text.__x86.get_pc_thunk.ax
                0x0000000000000000        0x4 build/thread.o
 .text.__x86.get_pc_thunk.bx
                0x0000000000000000        0x4 build/thread.o
 .note.GNU-stack
                0x0000000000000000        0x0 build/thread.o

Memory Configuration

Name             Origin             Length             Attributes
*default*        0x0000000000000000 0xffffffffffffffff

Linker script and memory map

Address of section .text set to 0xc0001500
LOAD build/main.o
LOAD build/init.o
LOAD build/interrupt.o
LOAD build/timer.o
LOAD build/kernel.o
LOAD build/print.o
LOAD build/debug.o
LOAD build/memory.o
LOAD build/bitmap.o
LOAD build/string.o
LOAD build/thread.o
                [!provide]                        PROVIDE (__executable_start = SEGMENT_START ("text-segment", 0x8048000))
                0x00000000080480d4                . = (SEGMENT_START ("text-segment", 0x8048000) + SIZEOF_HEADERS)

.interp
 *(.interp)

.note.gnu.build-id
 *(.note.gnu.build-id)

.hash
 *(.hash)

.gnu.hash
 *(.gnu.hash)

.dynsym
 *(.dynsym)

.dynstr
 *(.dynstr)

.gnu.version
 *(.gnu.version)

.gnu.version_d
 *(.gnu.version_d)

.gnu.version_r
 *(.gnu.version_r)

.rel.dyn        0x00000000080480d4        0x0
 *(.rel.init)
 *(.rel.text .rel.text.* .rel.gnu.linkonce.t.*)
 *(.rel.fini)
 *(.rel.rodata .rel.rodata.* .rel.gnu.linkonce.r.*)
 *(.rel.data.rel.ro .rel.data.rel.ro.* .rel.gnu.linkonce.d.rel.ro.*)
 *(.rel.data .rel.data.* .rel.gnu.linkonce.d.*)
 *(.rel.tdata .rel.tdata.* .rel.gnu.linkonce.td.*)
 *(.rel.tbss .rel.tbss.* .rel.gnu.linkonce.tb.*)
 *(.rel.ctors)
 *(.rel.dtors)
 *(.rel.got)
 .rel.got       0x00000000080480d4        0x0 build/main.o
 *(.rel.bss .rel.bss.* .rel.gnu.linkonce.b.*)
 *(.rel.ifunc)

.rel.plt        0x00000000080480d4        0x0
 *(.rel.plt)
                [!provide]                        PROVIDE (__rel_iplt_start = .)
 *(.rel.iplt)
 .rel.iplt      0x00000000080480d4        0x0 build/main.o
                [!provide]                        PROVIDE (__rel_iplt_end = .)

.relr.dyn
 *(.relr.dyn)
                0x0000000008049000                . = ALIGN (CONSTANT (MAXPAGESIZE))

.init
 *(SORT_NONE(.init))

.plt            0x0000000008049000        0x0
 *(.plt)
 *(.iplt)
 .iplt          0x0000000008049000        0x0 build/main.o

.plt.got
 *(.plt.got)

.plt.sec
 *(.plt.sec)

.text           0x00000000c0001500     0x1ab5
 *(.text.unlikely .text.*_unlikely .text.unlikely.*)
 *(.text.exit .text.exit.*)
 *(.text.startup .text.startup.*)
 *(.text.hot .text.hot.*)
 *(SORT_BY_NAME(.text.sorted.*))
 *(.text .stub .text.* .gnu.linkonce.t.*)
 .text          0x00000000c0001500       0x7a build/main.o
                0x00000000c0001500                main
                0x00000000c0001552                k_thread_a
 .text.__x86.get_pc_thunk.bx
                0x00000000c000157a        0x4 build/main.o
                0x00000000c000157a                __x86.get_pc_thunk.bx
 .text          0x00000000c000157e       0x39 build/init.o
                0x00000000c000157e                init_all
 .text          0x00000000c00015b7      0x450 build/interrupt.o
                0x00000000c00018d5                intr_enable
                0x00000000c0001908                intr_disable
                0x00000000c000193b                intr_set_status
                0x00000000c0001963                intr_get_status
                0x00000000c000198a                idt_init
 .text.__x86.get_pc_thunk.ax
                0x00000000c0001a07        0x4 build/interrupt.o
                0x00000000c0001a07                __x86.get_pc_thunk.ax
 .text          0x00000000c0001a0b      0x116 build/timer.o
                0x00000000c0001acd                timer_init
 *fill*         0x00000000c0001b21        0xf 
 .text          0x00000000c0001b30      0x393 build/kernel.o
                0x00000000c0001b30                intr_exit
 *fill*         0x00000000c0001ec3        0xd 
 .text          0x00000000c0001ed0      0x14e build/print.o
                0x00000000c0001ed0                put_str
                0x00000000c0001eee                put_char
                0x00000000c0001fbb                put_int
 .text          0x00000000c000201e       0xf4 build/debug.o
                0x00000000c000201e                panic_spin
 .text          0x00000000c0002112      0x604 build/memory.o
                0x00000000c00021a8                pte_ptr
                0x00000000c00021e2                pde_ptr
                0x00000000c00023a3                malloc_page
                0x00000000c0002479                get_kernel_pages
                0x00000000c00026c2                mem_init
 .text          0x00000000c0002716      0x286 build/bitmap.o
                0x00000000c0002716                bitmap_init
                0x00000000c0002749                bitmap_scan_test
                0x00000000c0002792                bitmap_scan
                0x00000000c00028d4                bitmap_set
 .text          0x00000000c000299c      0x4a4 build/string.o
                0x00000000c000299c                memset
                0x00000000c0002a03                memcpy
                0x00000000c0002a76                memcmp
                0x00000000c0002b0f                strcpy
                0x00000000c0002b7a                strlen
                0x00000000c0002bd7                strcmp
                0x00000000c0002c66                strchr
                0x00000000c0002cd4                strrchr
                0x00000000c0002d48                strcat
                0x00000000c0002dc8                strchrs
 .text          0x00000000c0002e40      0x171 build/thread.o
                0x00000000c0002e61                thread_create
                0x00000000c0002ee5                init_thread
                0x00000000c0002f52                thread_start
 .text.__x86.get_pc_thunk.dx
                0x00000000c0002fb1        0x4 build/thread.o
                0x00000000c0002fb1                __x86.get_pc_thunk.dx
 *(.gnu.warning)

.fini
 *(SORT_NONE(.fini))
                [!provide]                        PROVIDE (__etext = .)
                [!provide]                        PROVIDE (_etext = .)
                [!provide]                        PROVIDE (etext = .)
                0x00000000c0003000                . = ALIGN (CONSTANT (MAXPAGESIZE))
                0x00000000c0003000                . = SEGMENT_START ("rodata-segment", (ALIGN (CONSTANT (MAXPAGESIZE)) + (. & (CONSTANT (MAXPAGESIZE) - 0x1))))

.rodata         0x00000000c0003000      0x54c
 *(.rodata .rodata.* .gnu.linkonce.r.*)
 .rodata        0x00000000c0003000       0x1d build/main.o
 .rodata        0x00000000c000301d        0xa build/init.o
 *fill*         0x00000000c0003027        0x1 
 .rodata        0x00000000c0003028      0x265 build/interrupt.o
 .rodata        0x00000000c000328d       0x23 build/timer.o
 .rodata        0x00000000c00032b0       0x3b build/debug.o
 *fill*         0x00000000c00032eb        0x1 
 .rodata        0x00000000c00032ec      0x130 build/memory.o
 .rodata        0x00000000c000341c       0x6b build/bitmap.o
 *fill*         0x00000000c0003487        0x1 
 .rodata        0x00000000c0003488       0xc4 build/string.o

.rodata1
 *(.rodata1)

.eh_frame_hdr
 *(.eh_frame_hdr)
 *(.eh_frame_entry .eh_frame_entry.*)

.eh_frame       0x00000000c000354c      0x67c
 *(.eh_frame)
 .eh_frame      0x00000000c000354c       0x70 build/main.o
 .eh_frame      0x00000000c00035bc       0x24 build/init.o
                                         0x50 (size before relaxing)
 .eh_frame      0x00000000c00035e0      0x18c build/interrupt.o
                                        0x1b8 (size before relaxing)
 .eh_frame      0x00000000c000376c       0x70 build/timer.o
                                         0xb0 (size before relaxing)
 .eh_frame      0x00000000c00037dc       0x1c build/debug.o
                                         0x48 (size before relaxing)
 .eh_frame      0x00000000c00037f8      0x13c build/memory.o
                                        0x17c (size before relaxing)
 .eh_frame      0x00000000c0003934       0x90 build/bitmap.o
                                         0xbc (size before relaxing)
 .eh_frame      0x00000000c00039c4      0x168 build/string.o
                                        0x194 (size before relaxing)
 .eh_frame      0x00000000c0003b2c       0x9c build/thread.o
                                         0xdc (size before relaxing)
 *(.eh_frame.*)

.gcc_except_table
 *(.gcc_except_table .gcc_except_table.*)

.gnu_extab
 *(.gnu_extab*)

.exception_ranges
 *(.exception_ranges*)
                0x00000000c0005000                . = DATA_SEGMENT_ALIGN (CONSTANT (MAXPAGESIZE), CONSTANT (COMMONPAGESIZE))

.eh_frame
 *(.eh_frame)
 *(.eh_frame.*)

.gnu_extab
 *(.gnu_extab)

.gcc_except_table
 *(.gcc_except_table .gcc_except_table.*)

.exception_ranges
 *(.exception_ranges*)

.tdata          0x00000000c0005000        0x0
                [!provide]                        PROVIDE (__tdata_start = .)
 *(.tdata .tdata.* .gnu.linkonce.td.*)

.tbss
 *(.tbss .tbss.* .gnu.linkonce.tb.*)
 *(.tcommon)

.preinit_array  0x00000000c0005000        0x0
                [!provide]                        PROVIDE (__preinit_array_start = .)
 *(.preinit_array)
                [!provide]                        PROVIDE (__preinit_array_end = .)

.init_array     0x00000000c0005000        0x0
                [!provide]                        PROVIDE (__init_array_start = .)
 *(SORT_BY_INIT_PRIORITY(.init_array.*) SORT_BY_INIT_PRIORITY(.ctors.*))
 *(.init_array EXCLUDE_FILE(*crtend?.o *crtend.o *crtbegin?.o *crtbegin.o) .ctors)
                [!provide]                        PROVIDE (__init_array_end = .)

.fini_array     0x00000000c0005000        0x0
                [!provide]                        PROVIDE (__fini_array_start = .)
 *(SORT_BY_INIT_PRIORITY(.fini_array.*) SORT_BY_INIT_PRIORITY(.dtors.*))
 *(.fini_array EXCLUDE_FILE(*crtend?.o *crtend.o *crtbegin?.o *crtbegin.o) .dtors)
                [!provide]                        PROVIDE (__fini_array_end = .)

.ctors
 *crtbegin.o(.ctors)
 *crtbegin?.o(.ctors)
 *(EXCLUDE_FILE(*crtend?.o *crtend.o) .ctors)
 *(SORT_BY_NAME(.ctors.*))
 *(.ctors)

.dtors
 *crtbegin.o(.dtors)
 *crtbegin?.o(.dtors)
 *(EXCLUDE_FILE(*crtend?.o *crtend.o) .dtors)
 *(SORT_BY_NAME(.dtors.*))
 *(.dtors)

.jcr
 *(.jcr)

.data.rel.ro
 *(.data.rel.ro.local* .gnu.linkonce.d.rel.ro.local.*)
 *(.data.rel.ro .data.rel.ro.* .gnu.linkonce.d.rel.ro.*)

.dynamic
 *(.dynamic)

.got            0x00000000c0005000        0x0
 *(.got)
 .got           0x00000000c0005000        0x0 build/main.o
 *(.igot)
                0x00000000c0005ff4                . = DATA_SEGMENT_RELRO_END (., (SIZEOF (.got.plt) >= 0xc)?0xc:0x0)

.got.plt        0x00000000c0005000        0xc
 *(.got.plt)
 .got.plt       0x00000000c0005000        0xc build/main.o
                0x00000000c0005000                _GLOBAL_OFFSET_TABLE_
 *(.igot.plt)
 .igot.plt      0x00000000c000500c        0x0 build/main.o

.data           0x00000000c000500c       0x8c
 *(.data .data.* .gnu.linkonce.d.*)
 .data          0x00000000c000500c        0x0 build/main.o
 .data          0x00000000c000500c        0x0 build/init.o
 .data          0x00000000c000500c        0x0 build/interrupt.o
 .data          0x00000000c000500c        0x0 build/timer.o
 .data          0x00000000c000500c       0x84 build/kernel.o
                0x00000000c000500c                intr_entry_table
 .data          0x00000000c0005090        0x8 build/print.o
 .data          0x00000000c0005098        0x0 build/debug.o
 .data          0x00000000c0005098        0x0 build/memory.o
 .data          0x00000000c0005098        0x0 build/bitmap.o
 .data          0x00000000c0005098        0x0 build/string.o
 .data          0x00000000c0005098        0x0 build/thread.o

.data1
 *(.data1)
                0x00000000c0005098                _edata = .
                [!provide]                        PROVIDE (edata = .)
                0x00000000c0005098                . = .
                0x00000000c0005098                __bss_start = .

.bss            0x00000000c00050a0      0x274
 *(.dynbss)
 *(.bss .bss.* .gnu.linkonce.b.*)
 .bss           0x00000000c00050a0        0x0 build/main.o
 .bss           0x00000000c00050a0        0x0 build/init.o
 .bss           0x00000000c00050a0      0x248 build/interrupt.o
                0x00000000c00050a0                intr_name
                0x00000000c0005140                idt_table
 .bss           0x00000000c00052e8        0x0 build/timer.o
 .bss           0x00000000c00052e8        0x0 build/debug.o
 .bss           0x00000000c00052e8       0x2c build/memory.o
                0x00000000c00052e8                kernel_pool
                0x00000000c00052f8                user_pool
                0x00000000c0005308                kernel_vaddr
 .bss           0x00000000c0005314        0x0 build/bitmap.o
 .bss           0x00000000c0005314        0x0 build/string.o
 .bss           0x00000000c0005314        0x0 build/thread.o
 *(COMMON)
                0x00000000c0005314                . = ALIGN ((. != 0x0)?0x4:0x1)
                0x00000000c0005314                . = ALIGN (0x4)
                0x00000000c0005314                . = SEGMENT_START ("ldata-segment", .)
                0x00000000c0005314                . = ALIGN (0x4)
                0x00000000c0005314                _end = .
                [!provide]                        PROVIDE (end = .)
                0x00000000c0005314                . = DATA_SEGMENT_END (.)

.stab
 *(.stab)

.stabstr
 *(.stabstr)

.stab.excl
 *(.stab.excl)

.stab.exclstr
 *(.stab.exclstr)

.stab.index
 *(.stab.index)

.stab.indexstr
 *(.stab.indexstr)

.comment        0x0000000000000000       0x2b
 *(.comment)
 .comment       0x0000000000000000       0x2b build/main.o
                                         0x2c (size before relaxing)
 .comment       0x000000000000002b       0x2c build/init.o
 .comment       0x000000000000002b       0x2c build/interrupt.o
 .comment       0x000000000000002b       0x2c build/timer.o
 .comment       0x000000000000002b       0x2c build/debug.o
 .comment       0x000000000000002b       0x2c build/memory.o
 .comment       0x000000000000002b       0x2c build/bitmap.o
 .comment       0x000000000000002b       0x2c build/string.o
 .comment       0x000000000000002b       0x2c build/thread.o

.gnu.build.attributes
 *(.gnu.build.attributes .gnu.build.attributes.*)

.debug
 *(.debug)

.line
 *(.line)

.debug_srcinfo
 *(.debug_srcinfo)

.debug_sfnames
 *(.debug_sfnames)

.debug_aranges
 *(.debug_aranges)

.debug_pubnames
 *(.debug_pubnames)

.debug_info
 *(.debug_info .gnu.linkonce.wi.*)

.debug_abbrev
 *(.debug_abbrev)

.debug_line
 *(.debug_line .debug_line.* .debug_line_end)

.debug_frame
 *(.debug_frame)

.debug_str
 *(.debug_str)

.debug_loc
 *(.debug_loc)

.debug_macinfo
 *(.debug_macinfo)

.debug_weaknames
 *(.debug_weaknames)

.debug_funcnames
 *(.debug_funcnames)

.debug_typenames
 *(.debug_typenames)

.debug_varnames
 *(.debug_varnames)

.debug_pubtypes
 *(.debug_pubtypes)

.debug_ranges
 *(.debug_ranges)

.debug_addr
 *(.debug_addr)

.debug_line_str
 *(.debug_line_str)

.debug_loclists
 *(.debug_loclists)

.debug_macro
 *(.debug_macro)

.debug_names
 *(.debug_names)

.debug_rnglists
 *(.debug_rnglists)

.debug_str_offsets
 *(.debug_str_offsets)

.debug_sup
 *(.debug_sup)

.gnu.attributes
 *(.gnu.attributes)

/DISCARD/
 *(.note.GNU-stack)
 *(.gnu_debuglink)
 *(.gnu.lto_*)
OUTPUT(build/kernel.bin elf32-i386)
